Archive member included to satisfy reference by file (symbol)

../../components/lib/libpahomqtt.a(MQTTClient.c.obj)
                              nwy_test_cli/CMakeFiles/nwy_open_app.dir/modules/nwy_test_cli_iot.c.obj (MQTTClient_init)
../../components/lib/libpahomqtt.a(TLSSocket.c.obj)
                              ../../components/lib/libpahomqtt.a(MQTTClient.c.obj) (SSL_set_session)
../../components/lib/libpahomqtt.a(Log.c.obj)
                              ../../components/lib/libpahomqtt.a(MQTTClient.c.obj) (Log_initialize)
../../components/lib/libpahomqtt.a(Thread.c.obj)
                              ../../components/lib/libpahomqtt.a(MQTTClient.c.obj) (Thread_start)
../../components/lib/libpahomqtt.a(MQTTTime.c.obj)
                              ../../components/lib/libpahomqtt.a(MQTTClient.c.obj) (MQTTTime_sleep)
../../components/lib/libpahomqtt.a(LinkedList.c.obj)
                              ../../components/lib/libpahomqtt.a(MQTTClient.c.obj) (ListInitialize)
../../components/lib/libpahomqtt.a(utf-8.c.obj)
                              ../../components/lib/libpahomqtt.a(MQTTClient.c.obj) (UTF8_validateString)
../../components/lib/libpahomqtt.a(SocketBuffer.c.obj)
                              ../../components/lib/libpahomqtt.a(TLSSocket.c.obj) (SocketBuffer_getQueuedData)
../../components/lib/libpahomqtt.a(Socket.c.obj)
                              ../../components/lib/libpahomqtt.a(MQTTClient.c.obj) (Socket_outInitialize)
../../components/lib/libpahomqtt.a(WebSocket.c.obj)
                              ../../components/lib/libpahomqtt.a(MQTTClient.c.obj) (WebSocket_connect)
../../components/lib/libpahomqtt.a(MQTTProperties.c.obj)
                              ../../components/lib/libpahomqtt.a(MQTTClient.c.obj) (MQTTProperties_free)
../../components/lib/libpahomqtt.a(MQTTProtocolClient.c.obj)
                              ../../components/lib/libpahomqtt.a(MQTTClient.c.obj) (messageIDCompare)
../../components/lib/libpahomqtt.a(MQTTProtocolOut.c.obj)
                              ../../components/lib/libpahomqtt.a(MQTTClient.c.obj) (MQTTProtocol_addressPort)
../../components/lib/libpahomqtt.a(MQTTPacket.c.obj)
                              ../../components/lib/libpahomqtt.a(MQTTProperties.c.obj) (MQTTPacket_encode)
../../components/lib/libpahomqtt.a(MQTTPacketOut.c.obj)
                              ../../components/lib/libpahomqtt.a(MQTTClient.c.obj) (MQTTPacket_send_connect)
../../components/lib/libpahomqtt.a(UniTime.c.obj)
                              ../../components/lib/libpahomqtt.a(MQTTTime.c.obj) (usleep)
../../components/lib/libpahomqtt.a(Base64.c.obj)
                              ../../components/lib/libpahomqtt.a(WebSocket.c.obj) (Base64_encode)
../../components/lib/libpahomqtt.a(SHA1.c.obj)
                              ../../components/lib/libpahomqtt.a(WebSocket.c.obj) (SHA1_Init)
../../components/lib/libpahomqtt.a(Clients.c.obj)
                              ../../components/lib/libpahomqtt.a(MQTTProtocolClient.c.obj) (clientSocketCompare)
../../components/lib/libnet.a(lwipports.c.obj)
                              ../../components/lib/libpahomqtt.a(TLSSocket.c.obj) (sys_arch_printf)
../../components/lib/libnet.a(netmain.c.obj)
                              ../../components/lib/libnet.a(lwipports.c.obj) (netThreadID)
../../components/lib/libnet.a(netif_psm.c.obj)
                              ../../components/lib/libnet.a(netmain.c.obj) (NetifPm3Presave)
../../components/lib/libnet.a(nonip.c.obj)
                              ../../components/lib/libnet.a(netmain.c.obj) (getNonIPSession)
../../components/lib/libnet.a(vnetIot.c.obj)
                              ../../components/lib/libnet.a(netmain.c.obj) (vnet4gSelfRegister)
../../components/lib/libnet.a(netdev_interface.c.obj)
                              ../../components/lib/libnet.a(netmain.c.obj) (netdevCheckEthConEvt)
../../components/lib/libnet.a(netif_gprs.c.obj)
                              ../../components/lib/libnet.a(netif_psm.c.obj) (data_output_ps_header)
../../components/lib/libnet.a(netutils.c.obj)
                              ../../components/lib/libnet.a(netif_psm.c.obj) (getGprsNetIf)
../../components/lib/libnet.a(ppp_interface.c.obj)
                              ../../components/lib/libnet.a(netif_gprs.c.obj) (gprs_to_ppp_datapull)
../../components/lib/libnet.a(dhcp_reply.c.obj)
                              ../../components/lib/libnet.a(netdev_interface.c.obj) (isDhcpPackage)
../../components/lib/libnet.a(nd6_reply.c.obj)
                              ../../components/lib/libnet.a(netdev_interface.c.obj) (isNeighborSolicitationPackage)
../../components/lib/libnet.a(ppp6_reply.c.obj)
                              ../../components/lib/libnet.a(ppp_interface.c.obj) (isDhcp6infoReqPackage)
../../components/newlib/newlib-3.3.0/armca5/libc.a(lib_a-atoi.o)
                              nwy_test_cli/CMakeFiles/nwy_open_app.dir/modules/nwy_test_cli_driver.c.obj (atoi)
[...]
Memory Configuration

Name             Origin             Length             Attributes
flash            0x602b0100         0x0021ff00         xr
ram              0x80710000         0x000f0000         xrw
*default*        0x00000000         0xffffffff

Linker script and memory map

LOAD ../../components/lib/core_stub.o
LOAD nwy_test_cli/CMakeFiles/nwy_open_app.dir/comm/nwy_test_cli_adpt.c.obj
LOAD nwy_test_cli/CMakeFiles/nwy_open_app.dir/comm/nwy_test_cli_menu.c.obj
LOAD nwy_test_cli/CMakeFiles/nwy_open_app.dir/comm/nwy_test_cli_utils.c.obj
LOAD nwy_test_cli/CMakeFiles/nwy_open_app.dir/modules/nwy_test_cli_driver.c.obj
LOAD nwy_test_cli/CMakeFiles/nwy_open_app.dir/modules/nwy_test_cli_mobile.c.obj
LOAD nwy_test_cli/CMakeFiles/nwy_open_app.dir/modules/nwy_test_cli_os.c.obj
LOAD nwy_test_cli/CMakeFiles/nwy_open_app.dir/modules/nwy_test_cli_tcpip.c.obj
LOAD nwy_test_cli/CMakeFiles/nwy_open_app.dir/modules/nwy_test_cli_sdw.c.obj
LOAD nwy_test_cli/CMakeFiles/nwy_open_app.dir/modules/nwy_test_cli_lbs.c.obj
LOAD nwy_test_cli/CMakeFiles/nwy_open_app.dir/modules/nwy_test_cli_iot.c.obj
LOAD ../../components/lib/libpahomqtt.a
LOAD ../../components/lib/libnet.a
LOAD ../../components/newlib/newlib-3.3.0/armca5/libc.a
LOAD ../../components/newlib/newlib-3.3.0/armca5/libm.a
LOAD ../../prebuilts/win32/gcc-arm-none-eabi/bin/../lib/gcc/arm-none-eabi/10.2.1/thumb/v7-a+simd/hard/libgcc.a
                0x00000000                PROVIDE (appimg_get_param = 0x0)
                0x00000000                PROVIDE (appimg_set_param = 0x0)
                0x602b0100                . = ORIGIN (flash)
                0x602b0100                __flash_start = .

.imageheader    0x602b0100       0x80
                0x602b0100        0x4 LONG 0x41505032
                0x602b0104        0x4 LONG 0x0
                0x602b0108        0x4 LONG 0x0
 *(.rodata.core_stub.header)
 .rodata.core_stub.header
                0x602b010c       0x14 ../../components/lib/core_stub.o
                0x602b010c                gAppImageCoreHeader
                0x602b0120        0x4 LONG 0x2
                0x602b0124        0x4 LONG 0x80 (__corestub_load_start - __flash_start)
                0x602b0128        0x4 LONG 0x390 (__corestub_end - __corestub_start)
                0x602b012c        0x4 LONG 0x80710000 __corestub_start
                0x602b0130        0x4 LONG 0x4
                0x602b0134        0x4 LONG 0x660 (__text_load_start - __flash_start)
                0x602b0138        0x4 LONG 0xf820 (__text_end - __text_start)
                0x602b013c        0x4 LONG 0x602b0760 __text_start
                0x602b0140        0x4 LONG 0x4
                0x602b0144        0x4 LONG 0xfea0 (__init_array_load_start - __flash_start)
                0x602b0148        0x4 LONG 0x0 (__init_array_end - __init_array_start)
                0x602b014c        0x4 LONG 0x602bffa0 __init_array_start
                0x602b0150        0x4 LONG 0x1
                0x602b0154        0x4 LONG 0x420 (__data_load_start - __flash_start)
                0x602b0158        0x4 LONG 0x22c (__data_end - __data_start)
                0x602b015c        0x4 LONG 0x807103a0 __data_start
                0x602b0160        0x4 LONG 0x3
                0x602b0164        0x4 LONG 0x0
                0x602b0168        0x4 LONG 0x3245 (__bss_end - __bss_start)
                0x602b016c        0x4 LONG 0x807105e0 __bss_start
                0x602b0170        0x4 LONG 0x0
                0x602b0174        0x4 LONG 0x0
                0x602b0178        0x4 LONG 0x0
                0x602b017c        0x4 LONG 0x0
                0x00000001                ASSERT ((SIZEOF (.imageheader) == 0x80), invalid app image header)
                0x80710000                . = ORIGIN (ram)
                0x80710000                __ram_start = .

.corestub       0x80710000      0x3a0 load address 0x602b0180
                0x80710000                __corestub_start = .
 *(.text.core_stub.*)
 .text.core_stub.__assert_func
                0x80710000        0x8 ../../components/lib/core_stub.o
                0x80710000                __assert_func
 .text.core_stub.__errno
                0x80710008        0x8 ../../components/lib/core_stub.o
                0x80710008                __errno
 .text.core_stub.__getreent
                0x80710010        0x8 ../../components/lib/core_stub.o
                0x80710010                __getreent
 .text.core_stub.calloc
                0x80710018        0x8 ../../components/lib/core_stub.o
                0x80710018                calloc
 .text.core_stub.free
                0x80710020        0x8 ../../components/lib/core_stub.o
                0x80710020                free
 .text.core_stub.gettimeofday
                0x80710028        0x8 ../../components/lib/core_stub.o
                0x80710028                gettimeofday
 .text.core_stub.lwip_close
                0x80710030        0x8 ../../components/lib/core_stub.o
                0x80710030                lwip_close
 .text.core_stub.lwip_connect
                0x80710038        0x8 ../../components/lib/core_stub.o
                0x80710038                lwip_connect
 .text.core_stub.lwip_fcntl
                0x80710040        0x8 ../../components/lib/core_stub.o
                0x80710040                lwip_fcntl
 .text.core_stub.lwip_freeaddrinfo
                0x80710048        0x8 ../../components/lib/core_stub.o
                0x80710048                lwip_freeaddrinfo
 .text.core_stub.lwip_getaddrinfo
                0x80710050        0x8 ../../components/lib/core_stub.o
                0x80710050                lwip_getaddrinfo
 .text.core_stub.lwip_getpeername
                0x80710058        0x8 ../../components/lib/core_stub.o
                0x80710058                lwip_getpeername
 .text.core_stub.lwip_getsockopt
                0x80710060        0x8 ../../components/lib/core_stub.o
                0x80710060                lwip_getsockopt
 .text.core_stub.lwip_htonl
                0x80710068        0x8 ../../components/lib/core_stub.o
                0x80710068                lwip_htonl
 .text.core_stub.lwip_htons
                0x80710070        0x8 ../../components/lib/core_stub.o
                0x80710070                lwip_htons
 .text.core_stub.lwip_inet_ntop
                0x80710078        0x8 ../../components/lib/core_stub.o
                0x80710078                lwip_inet_ntop
 .text.core_stub.lwip_recv
                0x80710080        0x8 ../../components/lib/core_stub.o
                0x80710080                lwip_recv
 .text.core_stub.lwip_select
                0x80710088        0x8 ../../components/lib/core_stub.o
                0x80710088                lwip_select
 .text.core_stub.lwip_shutdown
                0x80710090        0x8 ../../components/lib/core_stub.o
                0x80710090                lwip_shutdown
 .text.core_stub.lwip_socket
                0x80710098        0x8 ../../components/lib/core_stub.o
                0x80710098                lwip_socket
 .text.core_stub.lwip_writev
                0x807100a0        0x8 ../../components/lib/core_stub.o
                0x807100a0                lwip_writev
 .text.core_stub.malloc
                0x807100a8        0x8 ../../components/lib/core_stub.o
                0x807100a8                malloc
 .text.core_stub.mbedtls_base64_encode
                0x807100b0        0x8 ../../components/lib/core_stub.o
                0x807100b0                mbedtls_base64_encode
 .text.core_stub.mbedtls_ctr_drbg_free
                0x807100b8        0x8 ../../components/lib/core_stub.o
                0x807100b8                mbedtls_ctr_drbg_free
 .text.core_stub.mbedtls_ctr_drbg_init
                0x807100c0        0x8 ../../components/lib/core_stub.o
                0x807100c0                mbedtls_ctr_drbg_init
 .text.core_stub.mbedtls_ctr_drbg_random
                0x807100c8        0x8 ../../components/lib/core_stub.o
                0x807100c8                mbedtls_ctr_drbg_random
 .text.core_stub.mbedtls_ctr_drbg_seed
                0x807100d0        0x8 ../../components/lib/core_stub.o
                0x807100d0                mbedtls_ctr_drbg_seed
 .text.core_stub.mbedtls_debug_set_threshold
                0x807100d8        0x8 ../../components/lib/core_stub.o
                0x807100d8                mbedtls_debug_set_threshold
 .text.core_stub.mbedtls_entropy_free
                0x807100e0        0x8 ../../components/lib/core_stub.o
                0x807100e0                mbedtls_entropy_free
 .text.core_stub.mbedtls_entropy_func
                0x807100e8        0x8 ../../components/lib/core_stub.o
                0x807100e8                mbedtls_entropy_func
 .text.core_stub.mbedtls_entropy_init
                0x807100f0        0x8 ../../components/lib/core_stub.o
                0x807100f0                mbedtls_entropy_init
 .text.core_stub.mbedtls_net_free
                0x807100f8        0x8 ../../components/lib/core_stub.o
                0x807100f8                mbedtls_net_free
 .text.core_stub.mbedtls_net_init
                0x80710100        0x8 ../../components/lib/core_stub.o
                0x80710100                mbedtls_net_init
 .text.core_stub.mbedtls_net_recv
                0x80710108        0x8 ../../components/lib/core_stub.o
                0x80710108                mbedtls_net_recv
 .text.core_stub.mbedtls_net_recv_timeout
                0x80710110        0x8 ../../components/lib/core_stub.o
                0x80710110                mbedtls_net_recv_timeout
 .text.core_stub.mbedtls_net_send
                0x80710118        0x8 ../../components/lib/core_stub.o
                0x80710118                mbedtls_net_send
 .text.core_stub.mbedtls_pk_free
                0x80710120        0x8 ../../components/lib/core_stub.o
                0x80710120                mbedtls_pk_free
 .text.core_stub.mbedtls_pk_init
                0x80710128        0x8 ../../components/lib/core_stub.o
                0x80710128                mbedtls_pk_init
 .text.core_stub.mbedtls_pk_parse_key
                0x80710130        0x8 ../../components/lib/core_stub.o
                0x80710130                mbedtls_pk_parse_key
 .text.core_stub.mbedtls_sha1_finish
                0x80710138        0x8 ../../components/lib/core_stub.o
                0x80710138                mbedtls_sha1_finish
 .text.core_stub.mbedtls_sha1_init
                0x80710140        0x8 ../../components/lib/core_stub.o
                0x80710140                mbedtls_sha1_init
 .text.core_stub.mbedtls_sha1_update
                0x80710148        0x8 ../../components/lib/core_stub.o
                0x80710148                mbedtls_sha1_update
 .text.core_stub.mbedtls_ssl_conf_authmode
                0x80710150        0x8 ../../components/lib/core_stub.o
                0x80710150                mbedtls_ssl_conf_authmode
 .text.core_stub.mbedtls_ssl_conf_ca_chain
                0x80710158        0x8 ../../components/lib/core_stub.o
                0x80710158                mbedtls_ssl_conf_ca_chain
 .text.core_stub.mbedtls_ssl_conf_ciphersuites
                0x80710160        0x8 ../../components/lib/core_stub.o
                0x80710160                mbedtls_ssl_conf_ciphersuites
 .text.core_stub.mbedtls_ssl_conf_dbg
                0x80710168        0x8 ../../components/lib/core_stub.o
                0x80710168                mbedtls_ssl_conf_dbg
 .text.core_stub.mbedtls_ssl_conf_max_version
                0x80710170        0x8 ../../components/lib/core_stub.o
                0x80710170                mbedtls_ssl_conf_max_version
 .text.core_stub.mbedtls_ssl_conf_min_version
                0x80710178        0x8 ../../components/lib/core_stub.o
                0x80710178                mbedtls_ssl_conf_min_version
 .text.core_stub.mbedtls_ssl_conf_own_cert
                0x80710180        0x8 ../../components/lib/core_stub.o
                0x80710180                mbedtls_ssl_conf_own_cert
 .text.core_stub.mbedtls_ssl_conf_read_timeout
                0x80710188        0x8 ../../components/lib/core_stub.o
                0x80710188                mbedtls_ssl_conf_read_timeout
 .text.core_stub.mbedtls_ssl_conf_rng
                0x80710190        0x8 ../../components/lib/core_stub.o
                0x80710190                mbedtls_ssl_conf_rng
 .text.core_stub.mbedtls_ssl_config_defaults
                0x80710198        0x8 ../../components/lib/core_stub.o
                0x80710198                mbedtls_ssl_config_defaults
 .text.core_stub.mbedtls_ssl_config_free
                0x807101a0        0x8 ../../components/lib/core_stub.o
                0x807101a0                mbedtls_ssl_config_free
 .text.core_stub.mbedtls_ssl_config_init
                0x807101a8        0x8 ../../components/lib/core_stub.o
                0x807101a8                mbedtls_ssl_config_init
 .text.core_stub.mbedtls_ssl_free
                0x807101b0        0x8 ../../components/lib/core_stub.o
                0x807101b0                mbedtls_ssl_free
 .text.core_stub.mbedtls_ssl_get_bytes_avail
                0x807101b8        0x8 ../../components/lib/core_stub.o
                0x807101b8                mbedtls_ssl_get_bytes_avail
 .text.core_stub.mbedtls_ssl_get_verify_result
                0x807101c0        0x8 ../../components/lib/core_stub.o
                0x807101c0                mbedtls_ssl_get_verify_result
 .text.core_stub.mbedtls_ssl_handshake
                0x807101c8        0x8 ../../components/lib/core_stub.o
                0x807101c8                mbedtls_ssl_handshake
 .text.core_stub.mbedtls_ssl_init
                0x807101d0        0x8 ../../components/lib/core_stub.o
                0x807101d0                mbedtls_ssl_init
 .text.core_stub.mbedtls_ssl_read
                0x807101d8        0x8 ../../components/lib/core_stub.o
                0x807101d8                mbedtls_ssl_read
 .text.core_stub.mbedtls_ssl_set_bio
                0x807101e0        0x8 ../../components/lib/core_stub.o
                0x807101e0                mbedtls_ssl_set_bio
 .text.core_stub.mbedtls_ssl_set_hostname
                0x807101e8        0x8 ../../components/lib/core_stub.o
                0x807101e8                mbedtls_ssl_set_hostname
 .text.core_stub.mbedtls_ssl_setup
                0x807101f0        0x8 ../../components/lib/core_stub.o
                0x807101f0                mbedtls_ssl_setup
 .text.core_stub.mbedtls_ssl_write
                0x807101f8        0x8 ../../components/lib/core_stub.o
                0x807101f8                mbedtls_ssl_write
 .text.core_stub.mbedtls_x509_crt_free
                0x80710200        0x8 ../../components/lib/core_stub.o
                0x80710200                mbedtls_x509_crt_free
 .text.core_stub.mbedtls_x509_crt_init
                0x80710208        0x8 ../../components/lib/core_stub.o
                0x80710208                mbedtls_x509_crt_init
 .text.core_stub.mbedtls_x509_crt_parse
                0x80710210        0x8 ../../components/lib/core_stub.o
                0x80710210                mbedtls_x509_crt_parse
 .text.core_stub.mbedtls_x509_crt_verify_info
                0x80710218        0x8 ../../components/lib/core_stub.o
                0x80710218                mbedtls_x509_crt_verify_info
 .text.core_stub.netif_get_default
                0x80710220        0x8 ../../components/lib/core_stub.o
                0x80710220                netif_get_default
 .text.core_stub.nwy_app_version
                0x80710228        0x8 ../../components/lib/core_stub.o
                0x80710228                nwy_app_version
 .text.core_stub.nwy_create_mutex
                0x80710230        0x8 ../../components/lib/core_stub.o
                0x80710230                nwy_create_mutex
 .text.core_stub.nwy_create_thread
                0x80710238        0x8 ../../components/lib/core_stub.o
                0x80710238                nwy_create_thread
 .text.core_stub.nwy_data_get_profile
                0x80710240        0x8 ../../components/lib/core_stub.o
                0x80710240                nwy_data_get_profile
 .text.core_stub.nwy_data_get_srv_handle
                0x80710248        0x8 ../../components/lib/core_stub.o
                0x80710248                nwy_data_get_srv_handle
 .text.core_stub.nwy_data_set_profile
                0x80710250        0x8 ../../components/lib/core_stub.o
                0x80710250                nwy_data_set_profile
 .text.core_stub.nwy_data_start_call
                0x80710258        0x8 ../../components/lib/core_stub.o
                0x80710258                nwy_data_start_call
 .text.core_stub.nwy_get_pdp_id
                0x80710260        0x8 ../../components/lib/core_stub.o
                0x80710260                nwy_get_pdp_id
 .text.core_stub.nwy_init_sms_option
                0x80710268        0x8 ../../components/lib/core_stub.o
                0x80710268                nwy_init_sms_option
 .text.core_stub.nwy_loc_cipgsmloc_open
                0x80710270        0x8 ../../components/lib/core_stub.o
                0x80710270                nwy_loc_cipgsmloc_open
 .text.core_stub.nwy_lock_mutex
                0x80710278        0x8 ../../components/lib/core_stub.o
                0x80710278                nwy_lock_mutex
 .text.core_stub.nwy_mbedtls_load_file
                0x80710280        0x8 ../../components/lib/core_stub.o
                0x80710280                nwy_mbedtls_load_file
 .text.core_stub.nwy_pdp_set_status
                0x80710288        0x8 ../../components/lib/core_stub.o
                0x80710288                nwy_pdp_set_status
 .text.core_stub.nwy_resume_thread
                0x80710290        0x8 ../../components/lib/core_stub.o
                0x80710290                nwy_resume_thread
 .text.core_stub.nwy_sat_recv_data
                0x80710298        0x8 ../../components/lib/core_stub.o
                0x80710298                nwy_sat_recv_data
 .text.core_stub.nwy_sdk_at_cmd_send
                0x807102a0        0x8 ../../components/lib/core_stub.o
                0x807102a0                nwy_sdk_at_cmd_send
 .text.core_stub.nwy_sdk_at_parameter_init
                0x807102a8        0x8 ../../components/lib/core_stub.o
                0x807102a8                nwy_sdk_at_parameter_init
 .text.core_stub.nwy_sdk_at_unsolicited_cb_reg
                0x807102b0        0x8 ../../components/lib/core_stub.o
                0x807102b0                nwy_sdk_at_unsolicited_cb_reg
 .text.core_stub.nwy_send_thread_event
                0x807102b8        0x8 ../../components/lib/core_stub.o
                0x807102b8                nwy_send_thread_event
 .text.core_stub.nwy_sim_get_card_status
                0x807102c0        0x8 ../../components/lib/core_stub.o
                0x807102c0                nwy_sim_get_card_status
 .text.core_stub.nwy_sim_get_simid
                0x807102c8        0x8 ../../components/lib/core_stub.o
                0x807102c8                nwy_sim_get_simid
 .text.core_stub.nwy_sleep
                0x807102d0        0x8 ../../components/lib/core_stub.o
                0x807102d0                nwy_sleep
 .text.core_stub.nwy_sms_recv_message
                0x807102d8        0x8 ../../components/lib/core_stub.o
                0x807102d8                nwy_sms_recv_message
 .text.core_stub.nwy_sms_reg_recv_cb
                0x807102e0        0x8 ../../components/lib/core_stub.o
                0x807102e0                nwy_sms_reg_recv_cb
 .text.core_stub.nwy_socket_bind_netif
                0x807102e8        0x8 ../../components/lib/core_stub.o
                0x807102e8                nwy_socket_bind_netif
 .text.core_stub.nwy_suspend_thread
                0x807102f0        0x8 ../../components/lib/core_stub.o
                0x807102f0                nwy_suspend_thread
 .text.core_stub.nwy_unlock_mutex
                0x807102f8        0x8 ../../components/lib/core_stub.o
                0x807102f8                nwy_unlock_mutex
 .text.core_stub.nwy_usb_serial_reg_recv_cb
                0x80710300        0x8 ../../components/lib/core_stub.o
                0x80710300                nwy_usb_serial_reg_recv_cb
 .text.core_stub.nwy_usb_serial_send
                0x80710308        0x8 ../../components/lib/core_stub.o
                0x80710308                nwy_usb_serial_send
 .text.core_stub.nwy_wait_thread_event
                0x80710310        0x8 ../../components/lib/core_stub.o
                0x80710310                nwy_wait_thread_event
 .text.core_stub.osiMutexCreate
                0x80710318        0x8 ../../components/lib/core_stub.o
                0x80710318                osiMutexCreate
 .text.core_stub.osiMutexLock
                0x80710320        0x8 ../../components/lib/core_stub.o
                0x80710320                osiMutexLock
 .text.core_stub.osiMutexUnlock
                0x80710328        0x8 ../../components/lib/core_stub.o
                0x80710328                osiMutexUnlock
 .text.core_stub.osiSemaphoreCreate
                0x80710330        0x8 ../../components/lib/core_stub.o
                0x80710330                osiSemaphoreCreate
 .text.core_stub.osiSemaphoreRelease
                0x80710338        0x8 ../../components/lib/core_stub.o
                0x80710338                osiSemaphoreRelease
 .text.core_stub.osiSemaphoreTryAcquire
                0x80710340        0x8 ../../components/lib/core_stub.o
                0x80710340                osiSemaphoreTryAcquire
 .text.core_stub.osiThreadCreate
                0x80710348        0x8 ../../components/lib/core_stub.o
                0x80710348                osiThreadCreate
 .text.core_stub.osiThreadCurrent
                0x80710350        0x8 ../../components/lib/core_stub.o
                0x80710350                osiThreadCurrent
 .text.core_stub.osiThreadExit
                0x80710358        0x8 ../../components/lib/core_stub.o
                0x80710358                osiThreadExit
 .text.core_stub.osiThreadSleep
                0x80710360        0x8 ../../components/lib/core_stub.o
                0x80710360                osiThreadSleep
 .text.core_stub.osiTraceBasic
                0x80710368        0x8 ../../components/lib/core_stub.o
                0x80710368                osiTraceBasic
 .text.core_stub.osiTraceEx
                0x80710370        0x8 ../../components/lib/core_stub.o
                0x80710370                osiTraceEx
 .text.core_stub.osiTraceIdBasic
                0x80710378        0x8 ../../components/lib/core_stub.o
                0x80710378                osiTraceIdBasic
 .text.core_stub.osiTraceVprintf
                0x80710380        0x8 ../../components/lib/core_stub.o
                0x80710380                osiTraceVprintf
 .text.core_stub.realloc
                0x80710388        0x8 ../../components/lib/core_stub.o
                0x80710388                realloc
                0x80710390                __corestub_end = .
                0x807103a0                . = ALIGN (0x20)
 *fill*         0x80710390       0x10 
                0x602b0180                __corestub_load_start = LOADADDR (.corestub)

.data           0x807103a0      0x240 load address 0x602b0520
                0x807103a0                __data_start = .
 *(.data .data.* .gnu.linkonce.d.*)
 .data.ClientState
                0x807103a0        0x8 ../../components/lib/libpahomqtt.a(MQTTClient.c.obj)
 .data.bstate   0x807103a8        0x4 ../../components/lib/libpahomqtt.a(MQTTClient.c.obj)
                0x807103a8                bstate
 .data.retryLoopIntervalms
                0x807103ac        0x4 ../../components/lib/libpahomqtt.a(MQTTClient.c.obj)
 .data.valid_ranges
                0x807103b0       0x6c ../../components/lib/libpahomqtt.a(utf-8.c.obj)
                0x807103b0                valid_ranges
 .data.new_packets
                0x8071041c       0x40 ../../components/lib/libpahomqtt.a(MQTTPacket.c.obj)
                0x8071041c                new_packets
 .data.environ  0x8071045c        0x4 ../../components/newlib/newlib-3.3.0/armca5/libc.a(lib_a-environ.o)
                0x8071045c                environ
 .data.__global_locale
                0x80710460      0x16c ../../components/newlib/newlib-3.3.0/armca5/libc.a(lib_a-locale.o)
                0x80710460                __global_locale
                0x807105cc                __data_end = .
                0x807105e0                . = ALIGN (0x20)
 *fill*         0x807105cc       0x14 
                0x602b0520                __data_load_start = LOADADDR (.data)

.igot.plt       0x602b0760        0x0
 .igot.plt      0x602b0760        0x0 ../../components/lib/core_stub.o

.bss            0x807105e0     0x3260
                0x807105e0                __bss_start = .
 *(.bss .bss.* COMMON .scommon .sbss .sbss.* .sbss2 .sbss2.* .gnu.linkonce.b.*)
 .bss.buf.1     0x807105e0      0x400 nwy_test_cli/CMakeFiles/nwy_open_app.dir/comm/nwy_test_cli_adpt.c.obj
 .bss.nwy_test_cli_thread
                0x807109e0        0x4 nwy_test_cli/CMakeFiles/nwy_open_app.dir/comm/nwy_test_cli_adpt.c.obj
 .bss.echo_mutex.4
                0x807109e4        0x4 nwy_test_cli/CMakeFiles/nwy_open_app.dir/comm/nwy_test_cli_utils.c.obj
 .bss.echo_str.2
                0x807109e8      0x800 nwy_test_cli/CMakeFiles/nwy_open_app.dir/comm/nwy_test_cli_utils.c.obj
 .bss.echo_str.3
                0x807111e8      0x800 nwy_test_cli/CMakeFiles/nwy_open_app.dir/comm/nwy_test_cli_utils.c.obj
 .bss.len.1     0x807119e8        0x4 nwy_test_cli/CMakeFiles/nwy_open_app.dir/comm/nwy_test_cli_utils.c.obj
 .bss.nwy_cli_opt_input_buff
                0x807119ec      0x800 nwy_test_cli/CMakeFiles/nwy_open_app.dir/comm/nwy_test_cli_utils.c.obj
 .bss.nwy_ext_sio_len
                0x807121ec        0x4 nwy_test_cli/CMakeFiles/nwy_open_app.dir/comm/nwy_test_cli_utils.c.obj
 .bss.nwy_sio_mode
                0x807121f0        0x1 nwy_test_cli/CMakeFiles/nwy_open_app.dir/comm/nwy_test_cli_utils.c.obj
 *fill*         0x807121f1        0x3 
 .bss.nwy_test_cli_trans_func
                0x807121f4        0x4 nwy_test_cli/CMakeFiles/nwy_open_app.dir/comm/nwy_test_cli_utils.c.obj
 .bss.ppp_state
                0x807121f8       0x28 nwy_test_cli/CMakeFiles/nwy_open_app.dir/modules/nwy_test_cli_mobile.c.obj
 .bss.sms_data  0x80712220      0x21e nwy_test_cli/CMakeFiles/nwy_open_app.dir/modules/nwy_test_cli_mobile.c.obj
                0x80712220                sms_data
 *fill*         0x8071243e        0x2 
 .bss.s_nwy_at_init_flag
                0x80712440        0x4 nwy_test_cli/CMakeFiles/nwy_open_app.dir/modules/nwy_test_cli_os.c.obj
 .bss.info_string
                0x80712444       0x64 nwy_test_cli/CMakeFiles/nwy_open_app.dir/modules/nwy_test_cli_lbs.c.obj
                0x80712444                info_string
 .bss.loc_info  0x807124a8       0x18 nwy_test_cli/CMakeFiles/nwy_open_app.dir/modules/nwy_test_cli_lbs.c.obj
                0x807124a8                loc_info
 .bss.echo_buff
                0x807124c0      0x401 nwy_test_cli/CMakeFiles/nwy_open_app.dir/modules/nwy_test_cli_iot.c.obj
                0x807124c0                echo_buff
 *fill*         0x807128c1        0x3 
 .bss.paho_mqtt_at_param
                0x807128c4      0xdb8 nwy_test_cli/CMakeFiles/nwy_open_app.dir/modules/nwy_test_cli_iot.c.obj
                0x807128c4                paho_mqtt_at_param
 COMMON         0x8071367c        0xc nwy_test_cli/CMakeFiles/nwy_open_app.dir/modules/nwy_test_cli_iot.c.obj
                0x8071367c                nwy_paho_task_id
                0x80713680                paho_mqtt_client
                0x80713684                sptr
 .bss.ack.3     0x80713688       0x20 ../../components/lib/libpahomqtt.a(MQTTClient.c.obj)
 .bss.connect_mutex
                0x807136a8        0x4 ../../components/lib/libpahomqtt.a(MQTTClient.c.obj)
                0x807136a8                connect_mutex
 .bss.handles   0x807136ac        0x4 ../../components/lib/libpahomqtt.a(MQTTClient.c.obj)
 .bss.last.2    0x807136b0       0x10 ../../components/lib/libpahomqtt.a(MQTTClient.c.obj)
 .bss.libinfo.1
                0x807136c0       0x48 ../../components/lib/libpahomqtt.a(MQTTClient.c.obj)
 .bss.library_initialized
                0x80713708        0x4 ../../components/lib/libpahomqtt.a(MQTTClient.c.obj)
 .bss.mqttclient_mutex
                0x8071370c        0x4 ../../components/lib/libpahomqtt.a(MQTTClient.c.obj)
                0x8071370c                mqttclient_mutex
 .bss.run_id    0x80713710        0x4 ../../components/lib/libpahomqtt.a(MQTTClient.c.obj)
 .bss.running   0x80713714        0x4 ../../components/lib/libpahomqtt.a(MQTTClient.c.obj)
 .bss.socket_mutex
                0x80713718        0x4 ../../components/lib/libpahomqtt.a(MQTTClient.c.obj)
                0x80713718                socket_mutex
 .bss.subscribe_mutex
                0x8071371c        0x4 ../../components/lib/libpahomqtt.a(MQTTClient.c.obj)
                0x8071371c                subscribe_mutex
 .bss.tostop    0x80713720        0x4 ../../components/lib/libpahomqtt.a(MQTTClient.c.obj)
 .bss.unsubscribe_mutex
                0x80713724        0x4 ../../components/lib/libpahomqtt.a(MQTTClient.c.obj)
                0x80713724                unsubscribe_mutex
 COMMON         0x80713728       0x30 ../../components/lib/libpahomqtt.a(MQTTClient.c.obj)
                0x80713728                state
 .bss.pending_reads
                0x80713758       0x14 ../../components/lib/libpahomqtt.a(TLSSocket.c.obj)
 .bss.def_queue
                0x8071376c        0x4 ../../components/lib/libpahomqtt.a(SocketBuffer.c.obj)
 .bss.queues    0x80713770        0x4 ../../components/lib/libpahomqtt.a(SocketBuffer.c.obj)
 .bss.writes    0x80713774       0x14 ../../components/lib/libpahomqtt.a(SocketBuffer.c.obj)
 .bss.addr_string.0
                0x80713788       0x39 ../../components/lib/libpahomqtt.a(Socket.c.obj)
 *fill*         0x807137c1        0x3 
 .bss.writecomplete
                0x807137c4        0x4 ../../components/lib/libpahomqtt.a(Socket.c.obj)
 .bss.wset      0x807137c8        0x1 ../../components/lib/libpahomqtt.a(Socket.c.obj)
 *fill*         0x807137c9        0x7 
 .bss.zero.1    0x807137d0       0x10 ../../components/lib/libpahomqtt.a(Socket.c.obj)
 COMMON         0x807137e0       0x1c ../../components/lib/libpahomqtt.a(Socket.c.obj)
                0x807137e0                mod_s
 .bss.frame_buffer
                0x807137fc        0x4 ../../components/lib/libpahomqtt.a(WebSocket.c.obj)
 .bss.frame_buffer_data_len
                0x80713800        0x4 ../../components/lib/libpahomqtt.a(WebSocket.c.obj)
 .bss.frame_buffer_index
                0x80713804        0x4 ../../components/lib/libpahomqtt.a(WebSocket.c.obj)
 .bss.frame_buffer_len
                0x80713808        0x4 ../../components/lib/libpahomqtt.a(WebSocket.c.obj)
 .bss.in_frames
                0x8071380c        0x4 ../../components/lib/libpahomqtt.a(WebSocket.c.obj)
 .bss.last_frame
                0x80713810        0x4 ../../components/lib/libpahomqtt.a(WebSocket.c.obj)
                0x80713810                last_frame
 .bss.bufptr    0x80713814        0x4 ../../components/lib/libpahomqtt.a(MQTTPacket.c.obj)
 .bss.header.0  0x80713818        0x1 ../../components/lib/libpahomqtt.a(MQTTPacket.c.obj)
 *fill*         0x80713819        0x3 
 .bss.header.1  0x8071381c        0x4 ../../components/lib/libpahomqtt.a(MQTTPacket.c.obj)
 .bss.initial_env
                0x80713820        0x4 ../../components/newlib/newlib-3.3.0/armca5/libc.a(lib_a-environ.o)
 .bss.__lock___env_recursive_mutex
                0x80713824        0x1 ../../components/newlib/newlib-3.3.0/armca5/libc.a(lib_a-lock.o)
                0x80713824                __lock___env_recursive_mutex
                0x80713825                __bss_end = .
                0x80713840                . = ALIGN (0x20)
 *fill*         0x80713825       0x1b 
                0x602b0760                . = ((LOADADDR (.corestub) + SIZEOF (.corestub)) + SIZEOF (.data))

.text           0x602b0760     0xf820
                0x602b0760                __text_start = .
 *(.text .text.* .gnu.linkonce.t.* .rdata .rodata .rodata.* .gnu.linkonce.r.* .glue_7 .glue_7t .vfp11_veneer .v4_bx)
 .glue_7        0x602b0760        0x0 linker stubs
 .glue_7t       0x602b0760        0x0 linker stubs
 .vfp11_veneer  0x602b0760        0x0 linker stubs
 .v4_bx         0x602b0760        0x0 linker stubs
 .text.nwy_test_cli_main_func
                0x602b0760       0x24 nwy_test_cli/CMakeFiles/nwy_open_app.dir/comm/nwy_test_cli_adpt.c.obj
 .rodata.nwy_test_cli_dbg.str1.1
                0x602b0784       0x10 nwy_test_cli/CMakeFiles/nwy_open_app.dir/comm/nwy_test_cli_adpt.c.obj
                                 0x14 (size before relaxing)
 .text.nwy_test_cli_dbg
                0x602b0794       0x68 nwy_test_cli/CMakeFiles/nwy_open_app.dir/comm/nwy_test_cli_adpt.c.obj
                0x602b0794                nwy_test_cli_dbg
 .text.nwy_test_cli_wait_select
                0x602b07fc       0x2c nwy_test_cli/CMakeFiles/nwy_open_app.dir/comm/nwy_test_cli_adpt.c.obj
                0x602b07fc                nwy_test_cli_wait_select
 .text.nwy_test_cli_select_enter
                0x602b0828       0x24 nwy_test_cli/CMakeFiles/nwy_open_app.dir/comm/nwy_test_cli_adpt.c.obj
                0x602b0828                nwy_test_cli_select_enter
 .rodata.appimg_enter.str1.1
                0x602b084c       0x52 nwy_test_cli/CMakeFiles/nwy_open_app.dir/comm/nwy_test_cli_adpt.c.obj
                                 0x57 (size before relaxing)
 *fill*         0x602b089e        0x2 
 .text.appimg_enter
                0x602b08a0       0xb4 nwy_test_cli/CMakeFiles/nwy_open_app.dir/comm/nwy_test_cli_adpt.c.obj
                0x602b08a0                appimg_enter
 .text.appimg_exit
                0x602b0954       0x14 nwy_test_cli/CMakeFiles/nwy_open_app.dir/comm/nwy_test_cli_adpt.c.obj
                0x602b0954                appimg_exit
 .rodata.nwy_cli_init_unsol_reg.str1.1
                0x602b0968       0x5f nwy_test_cli/CMakeFiles/nwy_open_app.dir/comm/nwy_test_cli_adpt.c.obj
                                 0x90 (size before relaxing)
 *fill*         0x602b09c7        0x1 
 .text.nwy_cli_init_unsol_reg
                0x602b09c8       0xc8 nwy_test_cli/CMakeFiles/nwy_open_app.dir/comm/nwy_test_cli_adpt.c.obj
                0x602b09c8                nwy_cli_init_unsol_reg
 .rodata.APP_VERSION
                0x602b0a90       0x41 nwy_test_cli/CMakeFiles/nwy_open_app.dir/comm/nwy_test_cli_adpt.c.obj
 *fill*         0x602b0ad1        0x3 
 .text.nwy_test_cli_echo
                0x602b0ad4       0x6c nwy_test_cli/CMakeFiles/nwy_open_app.dir/comm/nwy_test_cli_utils.c.obj
                0x602b0ad4                nwy_test_cli_echo
 .text.nwy_test_cli_input_gets
                0x602b0b40       0x3c nwy_test_cli/CMakeFiles/nwy_open_app.dir/comm/nwy_test_cli_utils.c.obj
                0x602b0b40                nwy_test_cli_input_gets
 .rodata.nwy_test_cli_sio_data_proc.str1.1
                0x602b0b7c       0xb1 nwy_test_cli/CMakeFiles/nwy_open_app.dir/comm/nwy_test_cli_utils.c.obj
 *fill*         0x602b0c2d        0x3 
 .text.nwy_test_cli_sio_data_proc
                0x602b0c30      0x198 nwy_test_cli/CMakeFiles/nwy_open_app.dir/comm/nwy_test_cli_utils.c.obj
                0x602b0c30                nwy_test_cli_sio_data_proc
 .rodata.__func__.0
                0x602b0dc8       0x1b nwy_test_cli/CMakeFiles/nwy_open_app.dir/comm/nwy_test_cli_utils.c.obj
 .rodata.nwy_test_cli_data_cb_fun.str1.1
                0x602b0de3       0x4f nwy_test_cli/CMakeFiles/nwy_open_app.dir/modules/nwy_test_cli_mobile.c.obj
 *fill*         0x602b0e32        0x2 
 .text.nwy_test_cli_data_cb_fun
                0x602b0e34       0x48 nwy_test_cli/CMakeFiles/nwy_open_app.dir/modules/nwy_test_cli_mobile.c.obj
 .rodata.nwy_test_cli_get_sim_status.str1.1
                0x602b0e7c       0xb4 nwy_test_cli/CMakeFiles/nwy_open_app.dir/modules/nwy_test_cli_mobile.c.obj
 .text.nwy_test_cli_get_sim_status
                0x602b0f30       0x58 nwy_test_cli/CMakeFiles/nwy_open_app.dir/modules/nwy_test_cli_mobile.c.obj
                0x602b0f30                nwy_test_cli_get_sim_status
 .rodata.nwy_recv_sat_info_cb.str1.1
                0x602b0f88       0x13 nwy_test_cli/CMakeFiles/nwy_open_app.dir/modules/nwy_test_cli_mobile.c.obj
 *fill*         0x602b0f9b        0x1 
 .text.nwy_recv_sat_info_cb
                0x602b0f9c       0x2c nwy_test_cli/CMakeFiles/nwy_open_app.dir/modules/nwy_test_cli_mobile.c.obj
                0x602b0f9c                nwy_recv_sat_info_cb
 .text.nwy_test_cli_check_data_connect
                0x602b0fc8       0x1c nwy_test_cli/CMakeFiles/nwy_open_app.dir/modules/nwy_test_cli_mobile.c.obj
                0x602b0fc8                nwy_test_cli_check_data_connect
 .rodata.nwy_test_cli_get_profile.str1.1
                0x602b0fe4       0xbe nwy_test_cli/CMakeFiles/nwy_open_app.dir/modules/nwy_test_cli_mobile.c.obj
 *fill*         0x602b10a2        0x2 
 .text.nwy_test_cli_get_profile
                0x602b10a4       0x88 nwy_test_cli/CMakeFiles/nwy_open_app.dir/modules/nwy_test_cli_mobile.c.obj
                0x602b10a4                nwy_test_cli_get_profile
 .rodata.nwy_test_cli_set_profile.str1.1
                0x602b112c       0x8e nwy_test_cli/CMakeFiles/nwy_open_app.dir/modules/nwy_test_cli_mobile.c.obj
 *fill*         0x602b11ba        0x2 
 .text.nwy_test_cli_set_profile
                0x602b11bc       0x84 nwy_test_cli/CMakeFiles/nwy_open_app.dir/modules/nwy_test_cli_mobile.c.obj
                0x602b11bc                nwy_test_cli_set_profile
 .rodata.nwy_test_cli_data_start.str1.1
                0x602b1240       0x61 nwy_test_cli/CMakeFiles/nwy_open_app.dir/modules/nwy_test_cli_mobile.c.obj
 *fill*         0x602b12a1        0x3 
 .text.nwy_test_cli_data_start
                0x602b12a4       0x5c nwy_test_cli/CMakeFiles/nwy_open_app.dir/modules/nwy_test_cli_mobile.c.obj
                0x602b12a4                nwy_test_cli_data_start
 .rodata.nwy_test_cli_data_create.str1.1
                0x602b1300       0x66 nwy_test_cli/CMakeFiles/nwy_open_app.dir/modules/nwy_test_cli_mobile.c.obj
 *fill*         0x602b1366        0x2 
 .text.nwy_test_cli_data_create
                0x602b1368       0x48 nwy_test_cli/CMakeFiles/nwy_open_app.dir/modules/nwy_test_cli_mobile.c.obj
                0x602b1368                nwy_test_cli_data_create
 .rodata.nwy_sms_test_recv_cb.str1.1
                0x602b13b0      0x153 nwy_test_cli/CMakeFiles/nwy_open_app.dir/modules/nwy_test_cli_mobile.c.obj
 *fill*         0x602b1503        0x1 
 .text.nwy_sms_test_recv_cb
                0x602b1504       0xac nwy_test_cli/CMakeFiles/nwy_open_app.dir/modules/nwy_test_cli_mobile.c.obj
                0x602b1504                nwy_sms_test_recv_cb
 .rodata.__func__.10
                0x602b15b0       0x19 nwy_test_cli/CMakeFiles/nwy_open_app.dir/modules/nwy_test_cli_mobile.c.obj
 .rodata.__func__.11
                0x602b15c9       0x19 nwy_test_cli/CMakeFiles/nwy_open_app.dir/modules/nwy_test_cli_mobile.c.obj
 .rodata.__func__.7
                0x602b15e2       0x18 nwy_test_cli/CMakeFiles/nwy_open_app.dir/modules/nwy_test_cli_mobile.c.obj
 .rodata.__func__.8
                0x602b15fa       0x19 nwy_test_cli/CMakeFiles/nwy_open_app.dir/modules/nwy_test_cli_mobile.c.obj
 .rodata.__func__.9
                0x602b1613       0x19 nwy_test_cli/CMakeFiles/nwy_open_app.dir/modules/nwy_test_cli_mobile.c.obj
 .rodata.nwy_cli_virtual_at_test.str1.1
                0x602b162c       0x58 nwy_test_cli/CMakeFiles/nwy_open_app.dir/modules/nwy_test_cli_os.c.obj
 .text.nwy_cli_virtual_at_test
                0x602b1684       0xe8 nwy_test_cli/CMakeFiles/nwy_open_app.dir/modules/nwy_test_cli_os.c.obj
 .rodata.nwy_cli_pull_out_sim.str1.1
                0x602b176c       0x10 nwy_test_cli/CMakeFiles/nwy_open_app.dir/modules/nwy_test_cli_os.c.obj
 .text.nwy_cli_pull_out_sim
                0x602b177c        0xc nwy_test_cli/CMakeFiles/nwy_open_app.dir/modules/nwy_test_cli_os.c.obj
                0x602b177c                nwy_cli_pull_out_sim
 .rodata.nwy_cli_recv_sms.str1.1
                0x602b1788       0x40 nwy_test_cli/CMakeFiles/nwy_open_app.dir/modules/nwy_test_cli_os.c.obj
 .text.nwy_cli_recv_sms
                0x602b17c8       0x4c nwy_test_cli/CMakeFiles/nwy_open_app.dir/modules/nwy_test_cli_os.c.obj
                0x602b17c8                nwy_cli_recv_sms
 .rodata.nwy_cli_tcpsetup_cb.str1.1
                0x602b1814        0xd nwy_test_cli/CMakeFiles/nwy_open_app.dir/modules/nwy_test_cli_os.c.obj
                                 0x12 (size before relaxing)
 *fill*         0x602b1821        0x3 
 .text.nwy_cli_tcpsetup_cb
                0x602b1824       0x20 nwy_test_cli/CMakeFiles/nwy_open_app.dir/modules/nwy_test_cli_os.c.obj
                0x602b1824                nwy_cli_tcpsetup_cb
 .rodata.nwy_cli_tcprecvs_cb.str1.1
                0x602b1844        0xf nwy_test_cli/CMakeFiles/nwy_open_app.dir/modules/nwy_test_cli_os.c.obj
 *fill*         0x602b1853        0x1 
 .text.nwy_cli_tcprecvs_cb
                0x602b1854       0x20 nwy_test_cli/CMakeFiles/nwy_open_app.dir/modules/nwy_test_cli_os.c.obj
                0x602b1854                nwy_cli_tcprecvs_cb
 .rodata.nwy_cli_tcp_close_cb.str1.1
                0x602b1874        0xc nwy_test_cli/CMakeFiles/nwy_open_app.dir/modules/nwy_test_cli_os.c.obj
 .text.nwy_cli_tcp_close_cb
                0x602b1880       0x20 nwy_test_cli/CMakeFiles/nwy_open_app.dir/modules/nwy_test_cli_os.c.obj
                0x602b1880                nwy_cli_tcp_close_cb
 .rodata.nwy_cli_tcprecv_cb.str1.1
                0x602b18a0        0xb nwy_test_cli/CMakeFiles/nwy_open_app.dir/modules/nwy_test_cli_os.c.obj
 *fill*         0x602b18ab        0x1 
 .text.nwy_cli_tcprecv_cb
                0x602b18ac       0x20 nwy_test_cli/CMakeFiles/nwy_open_app.dir/modules/nwy_test_cli_os.c.obj
                0x602b18ac                nwy_cli_tcprecv_cb
 .rodata.nwy_cli_acpt_close_cb.str1.1
                0x602b18cc       0x10 nwy_test_cli/CMakeFiles/nwy_open_app.dir/modules/nwy_test_cli_os.c.obj
 .text.nwy_cli_acpt_close_cb
                0x602b18dc       0x20 nwy_test_cli/CMakeFiles/nwy_open_app.dir/modules/nwy_test_cli_os.c.obj
                0x602b18dc                nwy_cli_acpt_close_cb
 .rodata.nwy_cli_udprecv_cb.str1.1
                0x602b18fc        0xb nwy_test_cli/CMakeFiles/nwy_open_app.dir/modules/nwy_test_cli_os.c.obj
 *fill*         0x602b1907        0x1 
 .text.nwy_cli_udprecv_cb
                0x602b1908       0x20 nwy_test_cli/CMakeFiles/nwy_open_app.dir/modules/nwy_test_cli_os.c.obj
                0x602b1908                nwy_cli_udprecv_cb
 .rodata.nwy_cli_client_acpt_cb.str1.1
                0x602b1928       0x18 nwy_test_cli/CMakeFiles/nwy_open_app.dir/modules/nwy_test_cli_os.c.obj
 .text.nwy_cli_client_acpt_cb
                0x602b1940       0x20 nwy_test_cli/CMakeFiles/nwy_open_app.dir/modules/nwy_test_cli_os.c.obj
                0x602b1940                nwy_cli_client_acpt_cb
 .rodata.nwy_cli_gprs_disconnect_cb.str1.1
                0x602b1960       0x15 nwy_test_cli/CMakeFiles/nwy_open_app.dir/modules/nwy_test_cli_os.c.obj
 *fill*         0x602b1975        0x3 
 .text.nwy_cli_gprs_disconnect_cb
                0x602b1978       0x20 nwy_test_cli/CMakeFiles/nwy_open_app.dir/modules/nwy_test_cli_os.c.obj
                0x602b1978                nwy_cli_gprs_disconnect_cb
 .rodata.nwy_cli_sms_list_resp_cb.str1.1
                0x602b1998        0xa nwy_test_cli/CMakeFiles/nwy_open_app.dir/modules/nwy_test_cli_os.c.obj
 *fill*         0x602b19a2        0x2 
 .text.nwy_cli_sms_list_resp_cb
                0x602b19a4       0x20 nwy_test_cli/CMakeFiles/nwy_open_app.dir/modules/nwy_test_cli_os.c.obj
                0x602b19a4                nwy_cli_sms_list_resp_cb
 .text.nwy_test_cli_send_virt_at
                0x602b19c4       0x20 nwy_test_cli/CMakeFiles/nwy_open_app.dir/modules/nwy_test_cli_os.c.obj
                0x602b19c4                nwy_test_cli_send_virt_at
 .rodata.nwy_wifigsmloc_cb.str1.1
                0x602b19e4       0x28 nwy_test_cli/CMakeFiles/nwy_open_app.dir/modules/nwy_test_cli_lbs.c.obj
                                 0x2e (size before relaxing)
 .rodata.nwy_cipgsmloc_cb.str1.1
                0x602b1a0c       0x5e nwy_test_cli/CMakeFiles/nwy_open_app.dir/modules/nwy_test_cli_lbs.c.obj
 *fill*         0x602b1a6a        0x2 
 .text.nwy_cipgsmloc_cb
                0x602b1a6c       0x90 nwy_test_cli/CMakeFiles/nwy_open_app.dir/modules/nwy_test_cli_lbs.c.obj
                0x602b1a6c                nwy_cipgsmloc_cb
 .rodata.nwy_test_cli_wifi_open_base.str1.1
                0x602b1afc       0x86 nwy_test_cli/CMakeFiles/nwy_open_app.dir/modules/nwy_test_cli_lbs.c.obj
 .rodata.nwy_test_cli_gnss_open_base.str1.1
                0x602b1b82       0x6c nwy_test_cli/CMakeFiles/nwy_open_app.dir/modules/nwy_test_cli_lbs.c.obj
 *fill*         0x602b1bee        0x2 
 .text.nwy_test_cli_gnss_open_base
                0x602b1bf0       0x54 nwy_test_cli/CMakeFiles/nwy_open_app.dir/modules/nwy_test_cli_lbs.c.obj
                0x602b1bf0                nwy_test_cli_gnss_open_base
 .rodata.messageArrived.str1.1
                0x602b1c44       0x5b nwy_test_cli/CMakeFiles/nwy_open_app.dir/modules/nwy_test_cli_iot.c.obj
 *fill*         0x602b1c9f        0x1 
 .text.messageArrived
                0x602b1ca0       0xd0 nwy_test_cli/CMakeFiles/nwy_open_app.dir/modules/nwy_test_cli_iot.c.obj
                0x602b1ca0                messageArrived
 .rodata.nwy_paho_cycle.str1.1
                0x602b1d70       0x22 nwy_test_cli/CMakeFiles/nwy_open_app.dir/modules/nwy_test_cli_iot.c.obj
 *fill*         0x602b1d92        0x2 
 .text.nwy_paho_cycle
                0x602b1d94       0x34 nwy_test_cli/CMakeFiles/nwy_open_app.dir/modules/nwy_test_cli_iot.c.obj
                0x602b1d94                nwy_paho_cycle
 .rodata.nwy_paho_yeild_task_init.str1.1
                0x602b1dc8       0x14 nwy_test_cli/CMakeFiles/nwy_open_app.dir/modules/nwy_test_cli_iot.c.obj
 .text.nwy_paho_yeild_task_init
                0x602b1ddc       0x38 nwy_test_cli/CMakeFiles/nwy_open_app.dir/modules/nwy_test_cli_iot.c.obj
                0x602b1ddc                nwy_paho_yeild_task_init
 .rodata.nwy_test_cli_mqtt_connect.str1.1
                0x602b1e14      0x235 nwy_test_cli/CMakeFiles/nwy_open_app.dir/modules/nwy_test_cli_iot.c.obj
                                0x23f (size before relaxing)
 *fill*         0x602b2049        0x3 
 .text.nwy_test_cli_mqtt_connect
                0x602b204c      0x330 nwy_test_cli/CMakeFiles/nwy_open_app.dir/modules/nwy_test_cli_iot.c.obj
                0x602b204c                nwy_test_cli_mqtt_connect
 .rodata.nwy_test_cli_mqtt_sub.str1.1
                0x602b237c       0x72 nwy_test_cli/CMakeFiles/nwy_open_app.dir/modules/nwy_test_cli_iot.c.obj
 .rodata.nwy_test_cli_mqtt_pub.str1.1
                0x602b23ee       0x72 nwy_test_cli/CMakeFiles/nwy_open_app.dir/modules/nwy_test_cli_iot.c.obj
 .text.nwy_test_cli_mqtt_pub
                0x602b2460      0x124 nwy_test_cli/CMakeFiles/nwy_open_app.dir/modules/nwy_test_cli_iot.c.obj
                0x602b2460                nwy_test_cli_mqtt_pub
 .rodata        0x602b2584       0xa8 nwy_test_cli/CMakeFiles/nwy_open_app.dir/modules/nwy_test_cli_iot.c.obj
 .text.clientSockCompare
                0x602b262c        0xe ../../components/lib/libpahomqtt.a(MQTTClient.c.obj)
 .text.connectionLost_call
                0x602b263a        0xe ../../components/lib/libpahomqtt.a(MQTTClient.c.obj)
 .text.MQTTClient_writeComplete
                0x602b2648       0x7c ../../components/lib/libpahomqtt.a(MQTTClient.c.obj)
 .text.call_disconnected
                0x602b26c4       0x2a ../../components/lib/libpahomqtt.a(MQTTClient.c.obj)
 .rodata.MQTTClient_cycle.str1.1
                0x602b26ee       0x5b ../../components/lib/libpahomqtt.a(MQTTClient.c.obj)
 *fill*         0x602b2749        0x3 
 .text.MQTTClient_cycle
                0x602b274c      0x280 ../../components/lib/libpahomqtt.a(MQTTClient.c.obj)
 .rodata.MQTTClient_waitfor.str1.1
                0x602b29cc       0x6b ../../components/lib/libpahomqtt.a(MQTTClient.c.obj)
 *fill*         0x602b2a37        0x1 
 .text.MQTTClient_waitfor
                0x602b2a38      0x1c0 ../../components/lib/libpahomqtt.a(MQTTClient.c.obj)
 .text.MQTTClient_emptyMessageQueue
                0x602b2bf8       0x4c ../../components/lib/libpahomqtt.a(MQTTClient.c.obj)
 .rodata.MQTTClient_stop.isra.0.str1.1
                0x602b2c44       0x1a ../../components/lib/libpahomqtt.a(MQTTClient.c.obj)
 *fill*         0x602b2c5e        0x2 
 .text.MQTTClient_stop.isra.0
                0x602b2c60       0xb0 ../../components/lib/libpahomqtt.a(MQTTClient.c.obj)
 .rodata.MQTTClient_init.str1.1
                0x602b2d10       0x1b ../../components/lib/libpahomqtt.a(MQTTClient.c.obj)
 *fill*         0x602b2d2b        0x1 
 .text.MQTTClient_init
                0x602b2d2c       0x80 ../../components/lib/libpahomqtt.a(MQTTClient.c.obj)
                0x602b2d2c                MQTTClient_init
 .text.MQTTClient_freeMessage
                0x602b2dac       0x20 ../../components/lib/libpahomqtt.a(MQTTClient.c.obj)
                0x602b2dac                MQTTClient_freeMessage
 .text.MQTTClient_free
                0x602b2dcc        0x4 ../../components/lib/libpahomqtt.a(MQTTClient.c.obj)
                0x602b2dcc                MQTTClient_free
 .text.MQTTClient_setCallbacks
                0x602b2dd0       0x4c ../../components/lib/libpahomqtt.a(MQTTClient.c.obj)
                0x602b2dd0                MQTTClient_setCallbacks
 .text.Protocol_processPublication
                0x602b2e1c       0xfc ../../components/lib/libpahomqtt.a(MQTTClient.c.obj)
                0x602b2e1c                Protocol_processPublication
 .text.setRetryLoopInterval
                0x602b2f18       0x20 ../../components/lib/libpahomqtt.a(MQTTClient.c.obj)
                0x602b2f18                setRetryLoopInterval
 .text.MQTTClient_isConnected
                0x602b2f38       0x28 ../../components/lib/libpahomqtt.a(MQTTClient.c.obj)
                0x602b2f38                MQTTClient_isConnected
 .text.MQTTClient_yield
                0x602b2f60       0xac ../../components/lib/libpahomqtt.a(MQTTClient.c.obj)
                0x602b2f60                MQTTClient_yield
 .rodata.MQTTClient_disconnect1.str1.1
                0x602b300c       0x25 ../../components/lib/libpahomqtt.a(MQTTClient.c.obj)
 *fill*         0x602b3031        0x3 
 .text.MQTTClient_disconnect1
                0x602b3034      0x16c ../../components/lib/libpahomqtt.a(MQTTClient.c.obj)
 .rodata.MQTTClient_connectURIVersion.str1.1
                0x602b31a0       0x69 ../../components/lib/libpahomqtt.a(MQTTClient.c.obj)
 *fill*         0x602b3209        0x3 
 .text.MQTTClient_connectURIVersion
                0x602b320c      0x524 ../../components/lib/libpahomqtt.a(MQTTClient.c.obj)
 .text.MQTTClient_connectURI
                0x602b3730      0x49e ../../components/lib/libpahomqtt.a(MQTTClient.c.obj)
 .rodata.MQTTClient_connectAll.str1.1
                0x602b3bce       0x2a ../../components/lib/libpahomqtt.a(MQTTClient.c.obj)
 .text.MQTTClient_connectAll
                0x602b3bf8      0x2f8 ../../components/lib/libpahomqtt.a(MQTTClient.c.obj)
                0x602b3bf8                MQTTClient_connectAll
 .text.MQTTClient_connect
                0x602b3ef0       0x2c ../../components/lib/libpahomqtt.a(MQTTClient.c.obj)
                0x602b3ef0                MQTTClient_connect
 .text.MQTTClient_disconnect_internal.constprop.0.isra.0
                0x602b3f1c       0x16 ../../components/lib/libpahomqtt.a(MQTTClient.c.obj)
 .text.MQTTProtocol_closeSession
                0x602b3f32        0x8 ../../components/lib/libpahomqtt.a(MQTTClient.c.obj)
                0x602b3f32                MQTTProtocol_closeSession
 .rodata.MQTTClient_run.str1.1
                0x602b3f3a      0x1d3 ../../components/lib/libpahomqtt.a(MQTTClient.c.obj)
 *fill*         0x602b410d        0x3 
 .text.MQTTClient_run
                0x602b4110      0x354 ../../components/lib/libpahomqtt.a(MQTTClient.c.obj)
 .rodata.MQTTClient_publish5.str1.1
                0x602b4464       0x5f ../../components/lib/libpahomqtt.a(MQTTClient.c.obj)
 *fill*         0x602b44c3        0x1 
 .text.MQTTClient_publish5
                0x602b44c4      0x238 ../../components/lib/libpahomqtt.a(MQTTClient.c.obj)
                0x602b44c4                MQTTClient_publish5
 .text.MQTTClient_publish
                0x602b46fc       0x38 ../../components/lib/libpahomqtt.a(MQTTClient.c.obj)
                0x602b46fc                MQTTClient_publish
 .rodata.MQTTClient_getVersionInfo.str1.1
                0x602b4734       0x61 ../../components/lib/libpahomqtt.a(MQTTClient.c.obj)
 *fill*         0x602b4795        0x3 
 .text.MQTTClient_getVersionInfo
                0x602b4798       0x40 ../../components/lib/libpahomqtt.a(MQTTClient.c.obj)
                0x602b4798                MQTTClient_getVersionInfo
 .rodata.MQTTClient_createWithOptions.str1.1
                0x602b47d8        0x5 ../../components/lib/libpahomqtt.a(MQTTClient.c.obj)
                                  0x9 (size before relaxing)
 *fill*         0x602b47dd        0x3 
 .text.MQTTClient_createWithOptions
                0x602b47e0      0x228 ../../components/lib/libpahomqtt.a(MQTTClient.c.obj)
                0x602b47e0                MQTTClient_createWithOptions
 .text.MQTTClient_create
                0x602b4a08       0x12 ../../components/lib/libpahomqtt.a(MQTTClient.c.obj)
                0x602b4a08                MQTTClient_create
 *fill*         0x602b4a1a        0x2 
 .rodata        0x602b4a1c       0x30 ../../components/lib/libpahomqtt.a(MQTTClient.c.obj)
 .rodata.paho_debug.str1.1
                0x602b4a4c       0x11 ../../components/lib/libpahomqtt.a(TLSSocket.c.obj)
 *fill*         0x602b4a5d        0x3 
 .text.paho_debug
                0x602b4a60        0xc ../../components/lib/libpahomqtt.a(TLSSocket.c.obj)
 .text.SSL_set_session
                0x602b4a6c        0x4 ../../components/lib/libpahomqtt.a(TLSSocket.c.obj)
                0x602b4a6c                SSL_set_session
 .text.SSL_get1_session
                0x602b4a70        0x4 ../../components/lib/libpahomqtt.a(TLSSocket.c.obj)
                0x602b4a70                SSL_get1_session
 .rodata.SSLSocket_setSocketForSSL.str1.1
                0x602b4a74      0x232 ../../components/lib/libpahomqtt.a(TLSSocket.c.obj)
 *fill*         0x602b4ca6        0x2 
 .text.SSLSocket_setSocketForSSL
                0x602b4ca8      0x310 ../../components/lib/libpahomqtt.a(TLSSocket.c.obj)
                0x602b4ca8                SSLSocket_setSocketForSSL
 .rodata.SSLSocket_connect.str1.1
                0x602b4fb8       0xcc ../../components/lib/libpahomqtt.a(TLSSocket.c.obj)
                                 0xd0 (size before relaxing)
 .text.SSLSocket_connect
                0x602b5084       0xdc ../../components/lib/libpahomqtt.a(TLSSocket.c.obj)
                0x602b5084                SSLSocket_connect
 .rodata.SSLSocket_getch.str1.1
                0x602b5160       0x99 ../../components/lib/libpahomqtt.a(TLSSocket.c.obj)
 *fill*         0x602b51f9        0x3 
 .text.SSLSocket_getch
                0x602b51fc       0xa4 ../../components/lib/libpahomqtt.a(TLSSocket.c.obj)
                0x602b51fc                SSLSocket_getch
 .text.SSLSocket_close
                0x602b52a0       0x9c ../../components/lib/libpahomqtt.a(TLSSocket.c.obj)
                0x602b52a0                SSLSocket_close
 .rodata.SSLSocket_putdatas.str1.1
                0x602b533c       0x6b ../../components/lib/libpahomqtt.a(TLSSocket.c.obj)
 *fill*         0x602b53a7        0x1 
 .text.SSLSocket_putdatas
                0x602b53a8      0x15c ../../components/lib/libpahomqtt.a(TLSSocket.c.obj)
                0x602b53a8                SSLSocket_putdatas
 .rodata.SSLSocket_addPendingRead.str1.1
                0x602b5504       0x38 ../../components/lib/libpahomqtt.a(TLSSocket.c.obj)
 .text.SSLSocket_addPendingRead
                0x602b553c       0x40 ../../components/lib/libpahomqtt.a(TLSSocket.c.obj)
                0x602b553c                SSLSocket_addPendingRead
 .rodata.SSLSocket_getdata.str1.1
                0x602b557c      0x13b ../../components/lib/libpahomqtt.a(TLSSocket.c.obj)
 *fill*         0x602b56b7        0x1 
 .text.SSLSocket_getdata
                0x602b56b8       0xf4 ../../components/lib/libpahomqtt.a(TLSSocket.c.obj)
                0x602b56b8                SSLSocket_getdata
 .text.SSLSocket_getPendingRead
                0x602b57ac       0x24 ../../components/lib/libpahomqtt.a(TLSSocket.c.obj)
                0x602b57ac                SSLSocket_getPendingRead
 .rodata.SSLSocket_continueWrite.str1.1
                0x602b57d0       0x78 ../../components/lib/libpahomqtt.a(TLSSocket.c.obj)
 .text.SSLSocket_continueWrite
                0x602b5848       0x44 ../../components/lib/libpahomqtt.a(TLSSocket.c.obj)
                0x602b5848                SSLSocket_continueWrite
 .text.Log_initialize
                0x602b588c        0x4 ../../components/lib/libpahomqtt.a(Log.c.obj)
                0x602b588c                Log_initialize
 .text.Log      0x602b5890       0x5c ../../components/lib/libpahomqtt.a(Log.c.obj)
                0x602b5890                Log
 .rodata        0x602b58ec      0x200 ../../components/lib/libpahomqtt.a(Log.c.obj)
 .rodata.Thread_start.str1.1
                0x602b5aec        0xd ../../components/lib/libpahomqtt.a(Thread.c.obj)
 *fill*         0x602b5af9        0x3 
 .text.Thread_start
                0x602b5afc       0x24 ../../components/lib/libpahomqtt.a(Thread.c.obj)
                0x602b5afc                Thread_start
 .text.Thread_stop
                0x602b5b20        0x6 ../../components/lib/libpahomqtt.a(Thread.c.obj)
                0x602b5b20                Thread_stop
 .text.Thread_lock_mutex
                0x602b5b26        0xa ../../components/lib/libpahomqtt.a(Thread.c.obj)
                0x602b5b26                Thread_lock_mutex
 .text.Thread_unlock_mutex
                0x602b5b30        0xa ../../components/lib/libpahomqtt.a(Thread.c.obj)
                0x602b5b30                Thread_unlock_mutex
 .text.Thread_getid
                0x602b5b3a        0x4 ../../components/lib/libpahomqtt.a(Thread.c.obj)
                0x602b5b3a                Thread_getid
 .text.Thread_create_sem
                0x602b5b3e       0x18 ../../components/lib/libpahomqtt.a(Thread.c.obj)
                0x602b5b3e                Thread_create_sem
 .text.Thread_wait_sem
                0x602b5b56        0xe ../../components/lib/libpahomqtt.a(Thread.c.obj)
                0x602b5b56                Thread_wait_sem
 .text.Thread_post_sem
                0x602b5b64        0xa ../../components/lib/libpahomqtt.a(Thread.c.obj)
                0x602b5b64                Thread_post_sem
 .text.MQTTTime_sleep
                0x602b5b6e        0xa ../../components/lib/libpahomqtt.a(MQTTTime.c.obj)
                0x602b5b6e                MQTTTime_sleep
 .text.MQTTTime_start_clock
                0x602b5b78       0x30 ../../components/lib/libpahomqtt.a(MQTTTime.c.obj)
                0x602b5b78                MQTTTime_start_clock
 .text.MQTTTime_now
                0x602b5ba8        0xc ../../components/lib/libpahomqtt.a(MQTTTime.c.obj)
                0x602b5ba8                MQTTTime_now
 .text.MQTTTime_difftime
                0x602b5bb4       0x50 ../../components/lib/libpahomqtt.a(MQTTTime.c.obj)
                0x602b5bb4                MQTTTime_difftime
 .text.MQTTTime_elapsed
                0x602b5c04       0x5c ../../components/lib/libpahomqtt.a(MQTTTime.c.obj)
                0x602b5c04                MQTTTime_elapsed
 .text.ListZero
                0x602b5c60        0x8 ../../components/lib/libpahomqtt.a(LinkedList.c.obj)
                0x602b5c60                ListZero
 .text.ListInitialize
                0x602b5c68       0x14 ../../components/lib/libpahomqtt.a(LinkedList.c.obj)
                0x602b5c68                ListInitialize
 .text.ListAppendNoMalloc
                0x602b5c7c       0x26 ../../components/lib/libpahomqtt.a(LinkedList.c.obj)
                0x602b5c7c                ListAppendNoMalloc
 .text.ListAppend
                0x602b5ca2       0x22 ../../components/lib/libpahomqtt.a(LinkedList.c.obj)
                0x602b5ca2                ListAppend
 .text.ListInsert
                0x602b5cc4       0x4c ../../components/lib/libpahomqtt.a(LinkedList.c.obj)
                0x602b5cc4                ListInsert
 .text.ListDetachHead
                0x602b5d10       0x3e ../../components/lib/libpahomqtt.a(LinkedList.c.obj)
                0x602b5d10                ListDetachHead
 .text.ListRemoveHead
                0x602b5d4e        0xe ../../components/lib/libpahomqtt.a(LinkedList.c.obj)
                0x602b5d4e                ListRemoveHead
 .text.ListEmpty
                0x602b5d5c       0x26 ../../components/lib/libpahomqtt.a(LinkedList.c.obj)
                0x602b5d5c                ListEmpty
 .text.ListFree
                0x602b5d82       0x12 ../../components/lib/libpahomqtt.a(LinkedList.c.obj)
                0x602b5d82                ListFree
 .text.ListNextElement
                0x602b5d94        0xe ../../components/lib/libpahomqtt.a(LinkedList.c.obj)
                0x602b5d94                ListNextElement
 .text.ListFindItem
                0x602b5da2       0x50 ../../components/lib/libpahomqtt.a(LinkedList.c.obj)
                0x602b5da2                ListFindItem
 .text.ListUnlink
                0x602b5df2       0x56 ../../components/lib/libpahomqtt.a(LinkedList.c.obj)
 .text.ListDetach
                0x602b5e48        0x8 ../../components/lib/libpahomqtt.a(LinkedList.c.obj)
                0x602b5e48                ListDetach
 .text.ListRemove
                0x602b5e50        0x8 ../../components/lib/libpahomqtt.a(LinkedList.c.obj)
                0x602b5e50                ListRemove
 .text.ListRemoveItem
                0x602b5e58        0x6 ../../components/lib/libpahomqtt.a(LinkedList.c.obj)
                0x602b5e58                ListRemoveItem
 .text.intcompare
                0x602b5e5e        0xc ../../components/lib/libpahomqtt.a(LinkedList.c.obj)
                0x602b5e5e                intcompare
 *fill*         0x602b5e6a        0x2 
 .text.UTF8_char_validate
                0x602b5e6c       0x74 ../../components/lib/libpahomqtt.a(utf-8.c.obj)
 .text.UTF8_validate
                0x602b5ee0       0x2c ../../components/lib/libpahomqtt.a(utf-8.c.obj)
                0x602b5ee0                UTF8_validate
 .text.UTF8_validateString
                0x602b5f0c       0x16 ../../components/lib/libpahomqtt.a(utf-8.c.obj)
                0x602b5f0c                UTF8_validateString
 .text.socketcompare
                0x602b5f22        0xc ../../components/lib/libpahomqtt.a(SocketBuffer.c.obj)
                0x602b5f22                socketcompare
 .text.pending_socketcompare
                0x602b5f2e        0xc ../../components/lib/libpahomqtt.a(SocketBuffer.c.obj)
                0x602b5f2e                pending_socketcompare
 *fill*         0x602b5f3a        0x2 
 .text.SocketBuffer_newDefQ
                0x602b5f3c       0x38 ../../components/lib/libpahomqtt.a(SocketBuffer.c.obj)
                0x602b5f3c                SocketBuffer_newDefQ
 .text.SocketBuffer_initialize
                0x602b5f74       0x2c ../../components/lib/libpahomqtt.a(SocketBuffer.c.obj)
                0x602b5f74                SocketBuffer_initialize
 .text.SocketBuffer_freeDefQ
                0x602b5fa0       0x1c ../../components/lib/libpahomqtt.a(SocketBuffer.c.obj)
                0x602b5fa0                SocketBuffer_freeDefQ
 .text.SocketBuffer_getQueuedData
                0x602b5fbc       0x84 ../../components/lib/libpahomqtt.a(SocketBuffer.c.obj)
                0x602b5fbc                SocketBuffer_getQueuedData
 .rodata.SocketBuffer_getQueuedChar.str1.1
                0x602b6040       0x21 ../../components/lib/libpahomqtt.a(SocketBuffer.c.obj)
                                 0x3f (size before relaxing)
 *fill*         0x602b6061        0x3 
 .text.SocketBuffer_getQueuedChar
                0x602b6064       0x74 ../../components/lib/libpahomqtt.a(SocketBuffer.c.obj)
                0x602b6064                SocketBuffer_getQueuedChar
 .text.SocketBuffer_interrupted
                0x602b60d8       0x4c ../../components/lib/libpahomqtt.a(SocketBuffer.c.obj)
                0x602b60d8                SocketBuffer_interrupted
 .text.SocketBuffer_complete
                0x602b6124       0x48 ../../components/lib/libpahomqtt.a(SocketBuffer.c.obj)
                0x602b6124                SocketBuffer_complete
 .rodata.SocketBuffer_queueChar.str1.1
                0x602b616c       0x6c ../../components/lib/libpahomqtt.a(SocketBuffer.c.obj)
 .text.SocketBuffer_queueChar
                0x602b61d8       0x9c ../../components/lib/libpahomqtt.a(SocketBuffer.c.obj)
                0x602b61d8                SocketBuffer_queueChar
 .text.SocketBuffer_pendingWrite
                0x602b6274       0x60 ../../components/lib/libpahomqtt.a(SocketBuffer.c.obj)
                0x602b6274                SocketBuffer_pendingWrite
 .text.SocketBuffer_getWrite
                0x602b62d4       0x20 ../../components/lib/libpahomqtt.a(SocketBuffer.c.obj)
                0x602b62d4                SocketBuffer_getWrite
 .text.SocketBuffer_writeComplete
                0x602b62f4       0x1c ../../components/lib/libpahomqtt.a(SocketBuffer.c.obj)
                0x602b62f4                SocketBuffer_writeComplete
 .text.SocketBuffer_cleanup
                0x602b6310       0x54 ../../components/lib/libpahomqtt.a(SocketBuffer.c.obj)
                0x602b6310                SocketBuffer_cleanup
 .text.SocketBuffer_updateWrite
                0x602b6364       0x2c ../../components/lib/libpahomqtt.a(SocketBuffer.c.obj)
                0x602b6364                SocketBuffer_updateWrite
 .rodata.Socket_setnonblocking.str1.1
                0x602b6390       0x34 ../../components/lib/libpahomqtt.a(Socket.c.obj)
 .text.Socket_setnonblocking
                0x602b63c4       0x44 ../../components/lib/libpahomqtt.a(Socket.c.obj)
                0x602b63c4                Socket_setnonblocking
 .rodata.Socket_error.str1.1
                0x602b6408       0x31 ../../components/lib/libpahomqtt.a(Socket.c.obj)
 *fill*         0x602b6439        0x3 
 .text.Socket_error
                0x602b643c       0x50 ../../components/lib/libpahomqtt.a(Socket.c.obj)
                0x602b643c                Socket_error
 .text.Socket_outInitialize
                0x602b648c       0x2c ../../components/lib/libpahomqtt.a(Socket.c.obj)
                0x602b648c                Socket_outInitialize
 .rodata.Socket_addSocket.str1.1
                0x602b64b8       0x65 ../../components/lib/libpahomqtt.a(Socket.c.obj)
 *fill*         0x602b651d        0x3 
 .text.Socket_addSocket
                0x602b6520       0xb4 ../../components/lib/libpahomqtt.a(Socket.c.obj)
                0x602b6520                Socket_addSocket
 .rodata.Socket_getch.str1.1
                0x602b65d4        0xd ../../components/lib/libpahomqtt.a(Socket.c.obj)
 *fill*         0x602b65e1        0x3 
 .text.Socket_getch
                0x602b65e4       0x5c ../../components/lib/libpahomqtt.a(Socket.c.obj)
                0x602b65e4                Socket_getch
 .rodata.Socket_getdata.str1.1
                0x602b6640       0x47 ../../components/lib/libpahomqtt.a(Socket.c.obj)
                                 0x73 (size before relaxing)
 *fill*         0x602b6687        0x1 
 .text.Socket_getdata
                0x602b6688       0x98 ../../components/lib/libpahomqtt.a(Socket.c.obj)
                0x602b6688                Socket_getdata
 .text.Socket_noPendingWrites
                0x602b6720       0x24 ../../components/lib/libpahomqtt.a(Socket.c.obj)
                0x602b6720                Socket_noPendingWrites
 .text.isReady  0x602b6744       0x6c ../../components/lib/libpahomqtt.a(Socket.c.obj)
                0x602b6744                isReady
 .rodata.Socket_writev.str1.1
                0x602b67b0       0x12 ../../components/lib/libpahomqtt.a(Socket.c.obj)
 *fill*         0x602b67c2        0x2 
 .text.Socket_writev
                0x602b67c4       0x30 ../../components/lib/libpahomqtt.a(Socket.c.obj)
                0x602b67c4                Socket_writev
 .rodata.Socket_putdatas.str1.1
                0x602b67f4       0x85 ../../components/lib/libpahomqtt.a(Socket.c.obj)
 *fill*         0x602b6879        0x3 
 .text.Socket_putdatas
                0x602b687c      0x114 ../../components/lib/libpahomqtt.a(Socket.c.obj)
                0x602b687c                Socket_putdatas
 .rodata.Socket_close_only.str1.1
                0x602b6990        0x6 ../../components/lib/libpahomqtt.a(Socket.c.obj)
 *fill*         0x602b6996        0x2 
 .text.Socket_close_only
                0x602b6998       0x50 ../../components/lib/libpahomqtt.a(Socket.c.obj)
                0x602b6998                Socket_close_only
 .text.Socket_setWriteCompleteCallback
                0x602b69e8        0xc ../../components/lib/libpahomqtt.a(Socket.c.obj)
                0x602b69e8                Socket_setWriteCompleteCallback
 .rodata.Socket_continueWrite.str1.1
                0x602b69f4       0x64 ../../components/lib/libpahomqtt.a(Socket.c.obj)
 .text.Socket_continueWrite
                0x602b6a58      0x118 ../../components/lib/libpahomqtt.a(Socket.c.obj)
                0x602b6a58                Socket_continueWrite
 .rodata.Socket_abortWrite.str1.1
                0x602b6b70       0x25 ../../components/lib/libpahomqtt.a(Socket.c.obj)
 *fill*         0x602b6b95        0x3 
 .text.Socket_abortWrite
                0x602b6b98       0x50 ../../components/lib/libpahomqtt.a(Socket.c.obj)
                0x602b6b98                Socket_abortWrite
 .rodata.Socket_close.str1.1
                0x602b6be8       0x42 ../../components/lib/libpahomqtt.a(Socket.c.obj)
 *fill*         0x602b6c2a        0x2 
 .text.Socket_close
                0x602b6c2c       0xd8 ../../components/lib/libpahomqtt.a(Socket.c.obj)
                0x602b6c2c                Socket_close
 .rodata.Socket_new.str1.1
                0x602b6d04       0xa6 ../../components/lib/libpahomqtt.a(Socket.c.obj)
                                 0xae (size before relaxing)
 *fill*         0x602b6daa        0x2 
 .text.Socket_new
                0x602b6dac      0x260 ../../components/lib/libpahomqtt.a(Socket.c.obj)
                0x602b6dac                Socket_new
 .rodata.Socket_continueWrites.str1.1
                0x602b700c       0x60 ../../components/lib/libpahomqtt.a(Socket.c.obj)
 .text.Socket_continueWrites
                0x602b706c       0xc4 ../../components/lib/libpahomqtt.a(Socket.c.obj)
                0x602b706c                Socket_continueWrites
 .rodata.Socket_getReadySocket.str1.1
                0x602b7130       0x41 ../../components/lib/libpahomqtt.a(Socket.c.obj)
                                 0x5a (size before relaxing)
 *fill*         0x602b7171        0x3 
 .text.Socket_getReadySocket
                0x602b7174      0x17c ../../components/lib/libpahomqtt.a(Socket.c.obj)
                0x602b7174                Socket_getReadySocket
 .rodata.Socket_getaddrname.str1.1
                0x602b72f0       0x41 ../../components/lib/libpahomqtt.a(Socket.c.obj)
                                  0x4 (size before relaxing)
 .text.Socket_getaddrname
                0x602b72f0       0x50 ../../components/lib/libpahomqtt.a(Socket.c.obj)
                0x602b72f0                Socket_getaddrname
 .rodata.Socket_getpeer.str1.1
                0x602b7340       0x14 ../../components/lib/libpahomqtt.a(Socket.c.obj)
 .text.Socket_getpeer
                0x602b7354       0x34 ../../components/lib/libpahomqtt.a(Socket.c.obj)
                0x602b7354                Socket_getpeer
 .rodata        0x602b7388       0x20 ../../components/lib/libpahomqtt.a(Socket.c.obj)
 .rodata.one.2  0x602b73a8       0x10 ../../components/lib/libpahomqtt.a(Socket.c.obj)
 .text.WebSocket_getRawSocketData
                0x602b73b8      0x158 ../../components/lib/libpahomqtt.a(WebSocket.c.obj)
 .text.WebSocket_strcasefind
                0x602b7510       0x44 ../../components/lib/libpahomqtt.a(WebSocket.c.obj)
 .text.uuid_generate
                0x602b7554       0x40 ../../components/lib/libpahomqtt.a(WebSocket.c.obj)
                0x602b7554                uuid_generate
 .text.WebSocket_calculateFrameHeaderSize
                0x602b7594       0x20 ../../components/lib/libpahomqtt.a(WebSocket.c.obj)
                0x602b7594                WebSocket_calculateFrameHeaderSize
 .text.WebSocket_buildFrame.constprop.0
                0x602b75b4      0x1a0 ../../components/lib/libpahomqtt.a(WebSocket.c.obj)
 .rodata.WebSocket_connect.str1.1
                0x602b7754       0xc8 ../../components/lib/libpahomqtt.a(WebSocket.c.obj)
                                 0xc9 (size before relaxing)
 .text.WebSocket_connect
                0x602b781c      0x1c0 ../../components/lib/libpahomqtt.a(WebSocket.c.obj)
                0x602b781c                WebSocket_connect
 .text.WebSocket_close
                0x602b79dc       0xe4 ../../components/lib/libpahomqtt.a(WebSocket.c.obj)
                0x602b79dc                WebSocket_close
 .rodata.WebSocket_receiveFrame.str1.1
                0x602b7ac0       0x17 ../../components/lib/libpahomqtt.a(WebSocket.c.obj)
 *fill*         0x602b7ad7        0x1 
 .text.WebSocket_receiveFrame
                0x602b7ad8      0x2c0 ../../components/lib/libpahomqtt.a(WebSocket.c.obj)
 .text.WebSocket_getch
                0x602b7d98       0x78 ../../components/lib/libpahomqtt.a(WebSocket.c.obj)
                0x602b7d98                WebSocket_getch
 .text.WebSocket_framePos
                0x602b7e10       0x14 ../../components/lib/libpahomqtt.a(WebSocket.c.obj)
                0x602b7e10                WebSocket_framePos
 .text.WebSocket_framePosSeekTo
                0x602b7e24       0x14 ../../components/lib/libpahomqtt.a(WebSocket.c.obj)
                0x602b7e24                WebSocket_framePosSeekTo
 .text.WebSocket_getdata
                0x602b7e38      0x140 ../../components/lib/libpahomqtt.a(WebSocket.c.obj)
                0x602b7e38                WebSocket_getdata
 .text.WebSocket_putdatas
                0x602b7f78       0xf6 ../../components/lib/libpahomqtt.a(WebSocket.c.obj)
                0x602b7f78                WebSocket_putdatas
 .rodata.WebSocket_upgrade.str1.1
                0x602b806e      0x122 ../../components/lib/libpahomqtt.a(WebSocket.c.obj)
                                0x12b (size before relaxing)
 .text.WebSocket_upgrade
                0x602b8190      0x1e4 ../../components/lib/libpahomqtt.a(WebSocket.c.obj)
                0x602b8190                WebSocket_upgrade
 .rodata.WebSocket_proxy_connect.str1.1
                0x602b8374       0xa9 ../../components/lib/libpahomqtt.a(WebSocket.c.obj)
 *fill*         0x602b841d        0x3 
 .text.WebSocket_proxy_connect
                0x602b8420      0x15c ../../components/lib/libpahomqtt.a(WebSocket.c.obj)
                0x602b8420                WebSocket_proxy_connect
 .rodata        0x602b857c       0x14 ../../components/lib/libpahomqtt.a(WebSocket.c.obj)
 .text.datadup  0x602b8590       0x1c ../../components/lib/libpahomqtt.a(MQTTProperties.c.obj)
 .text.MQTTProperty_getType
                0x602b85ac       0x24 ../../components/lib/libpahomqtt.a(MQTTProperties.c.obj)
                0x602b85ac                MQTTProperty_getType
 .text.MQTTProperties_len
                0x602b85d0       0x14 ../../components/lib/libpahomqtt.a(MQTTProperties.c.obj)
                0x602b85d0                MQTTProperties_len
 .text.MQTTProperties_add
                0x602b85e4       0xe0 ../../components/lib/libpahomqtt.a(MQTTProperties.c.obj)
                0x602b85e4                MQTTProperties_add
 .text.MQTTProperty_write
                0x602b86c4       0x96 ../../components/lib/libpahomqtt.a(MQTTProperties.c.obj)
                0x602b86c4                MQTTProperty_write
 .text.MQTTProperties_write
                0x602b875a       0x50 ../../components/lib/libpahomqtt.a(MQTTProperties.c.obj)
                0x602b875a                MQTTProperties_write
 .text.MQTTProperty_read
                0x602b87aa       0xc8 ../../components/lib/libpahomqtt.a(MQTTProperties.c.obj)
                0x602b87aa                MQTTProperty_read
 .text.MQTTProperties_free
                0x602b8872       0x5e ../../components/lib/libpahomqtt.a(MQTTProperties.c.obj)
                0x602b8872                MQTTProperties_free
 .text.MQTTProperties_read
                0x602b88d0       0x94 ../../components/lib/libpahomqtt.a(MQTTProperties.c.obj)
                0x602b88d0                MQTTProperties_read
 .rodata.MQTTProperties_copy.str1.1
                0x602b8964       0x21 ../../components/lib/libpahomqtt.a(MQTTProperties.c.obj)
 *fill*         0x602b8985        0x3 
 .text.MQTTProperties_copy
                0x602b8988       0x5c ../../components/lib/libpahomqtt.a(MQTTProperties.c.obj)
                0x602b8988                MQTTProperties_copy
 .text.MQTTProperties_hasProperty
                0x602b89e4       0x24 ../../components/lib/libpahomqtt.a(MQTTProperties.c.obj)
                0x602b89e4                MQTTProperties_hasProperty
 .text.MQTTProperties_getNumericValueAt
                0x602b8a08       0x5c ../../components/lib/libpahomqtt.a(MQTTProperties.c.obj)
                0x602b8a08                MQTTProperties_getNumericValueAt
 .text.MQTTProperties_getNumericValue
                0x602b8a64        0x6 ../../components/lib/libpahomqtt.a(MQTTProperties.c.obj)
                0x602b8a64                MQTTProperties_getNumericValue
 .rodata.namesToTypes
                0x602b8a6a       0x36 ../../components/lib/libpahomqtt.a(MQTTProperties.c.obj)
 .text.messageIDCompare
                0x602b8aa0        0xc ../../components/lib/libpahomqtt.a(MQTTProtocolClient.c.obj)
                0x602b8aa0                messageIDCompare
 .text.MQTTProtocol_assignMsgId
                0x602b8aac       0x50 ../../components/lib/libpahomqtt.a(MQTTProtocolClient.c.obj)
                0x602b8aac                MQTTProtocol_assignMsgId
 .text.MQTTProtocol_storePublication
                0x602b8afc       0x6c ../../components/lib/libpahomqtt.a(MQTTProtocolClient.c.obj)
                0x602b8afc                MQTTProtocol_storePublication
 .rodata.MQTTProtocol_storeQoS0.str1.1
                0x602b8b68       0x15 ../../components/lib/libpahomqtt.a(MQTTProtocolClient.c.obj)
 *fill*         0x602b8b7d        0x3 
 .text.MQTTProtocol_storeQoS0
                0x602b8b80       0x7c ../../components/lib/libpahomqtt.a(MQTTProtocolClient.c.obj)
 .text.MQTTProtocol_createMessage
                0x602b8bfc       0xc6 ../../components/lib/libpahomqtt.a(MQTTProtocolClient.c.obj)
                0x602b8bfc                MQTTProtocol_createMessage
 .text.MQTTProtocol_startPublish
                0x602b8cc2       0xb4 ../../components/lib/libpahomqtt.a(MQTTProtocolClient.c.obj)
                0x602b8cc2                MQTTProtocol_startPublish
 *fill*         0x602b8d76        0x2 
 .text.MQTTProtocol_removePublication
                0x602b8d78       0x38 ../../components/lib/libpahomqtt.a(MQTTProtocolClient.c.obj)
                0x602b8d78                MQTTProtocol_removePublication
 .text.MQTTProtocol_handlePublishes
                0x602b8db0      0x20c ../../components/lib/libpahomqtt.a(MQTTProtocolClient.c.obj)
                0x602b8db0                MQTTProtocol_handlePublishes
 .rodata.MQTTProtocol_handlePubacks.str1.1
                0x602b8fbc        0x7 ../../components/lib/libpahomqtt.a(MQTTProtocolClient.c.obj)
 *fill*         0x602b8fc3        0x1 
 .text.MQTTProtocol_handlePubacks
                0x602b8fc4       0xd0 ../../components/lib/libpahomqtt.a(MQTTProtocolClient.c.obj)
                0x602b8fc4                MQTTProtocol_handlePubacks
 .rodata.MQTTProtocol_handlePubrecs.str1.1
                0x602b9094       0x4b ../../components/lib/libpahomqtt.a(MQTTProtocolClient.c.obj)
 *fill*         0x602b90df        0x1 
 .text.MQTTProtocol_handlePubrecs
                0x602b90e0      0x168 ../../components/lib/libpahomqtt.a(MQTTProtocolClient.c.obj)
                0x602b90e0                MQTTProtocol_handlePubrecs
 .rodata.MQTTProtocol_handlePubrels.str1.1
                0x602b9248       0x4b ../../components/lib/libpahomqtt.a(MQTTProtocolClient.c.obj)
                                  0x7 (size before relaxing)
 .text.MQTTProtocol_handlePubrels
                0x602b9248      0x19c ../../components/lib/libpahomqtt.a(MQTTProtocolClient.c.obj)
                0x602b9248                MQTTProtocol_handlePubrels
 .rodata.MQTTProtocol_handlePubcomps.str1.1
                0x602b93e4        0x8 ../../components/lib/libpahomqtt.a(MQTTProtocolClient.c.obj)
 .text.MQTTProtocol_handlePubcomps
                0x602b93ec       0xf4 ../../components/lib/libpahomqtt.a(MQTTProtocolClient.c.obj)
                0x602b93ec                MQTTProtocol_handlePubcomps
 .rodata.MQTTProtocol_keepalive.str1.1
                0x602b94e0      0x113 ../../components/lib/libpahomqtt.a(MQTTProtocolClient.c.obj)
 *fill*         0x602b95f3        0x1 
 .text.MQTTProtocol_keepalive
                0x602b95f4      0x190 ../../components/lib/libpahomqtt.a(MQTTProtocolClient.c.obj)
                0x602b95f4                MQTTProtocol_keepalive
 .rodata.MQTTProtocol_retry.str1.1
                0x602b9784        0x8 ../../components/lib/libpahomqtt.a(MQTTProtocolClient.c.obj)
 .text.MQTTProtocol_retry
                0x602b978c      0x1f4 ../../components/lib/libpahomqtt.a(MQTTProtocolClient.c.obj)
                0x602b978c                MQTTProtocol_retry
 .text.MQTTProtocol_emptyMessageList
                0x602b9980       0x36 ../../components/lib/libpahomqtt.a(MQTTProtocolClient.c.obj)
                0x602b9980                MQTTProtocol_emptyMessageList
 .rodata.MQTTStrncpy.str1.1
                0x602b99b6       0x1c ../../components/lib/libpahomqtt.a(MQTTProtocolClient.c.obj)
 *fill*         0x602b99d2        0x2 
 .text.MQTTStrncpy
                0x602b99d4       0x44 ../../components/lib/libpahomqtt.a(MQTTProtocolClient.c.obj)
                0x602b99d4                MQTTStrncpy
 .rodata.MQTTStrdup.str1.1
                0x602b9a18       0x26 ../../components/lib/libpahomqtt.a(MQTTProtocolClient.c.obj)
 *fill*         0x602b9a3e        0x2 
 .text.MQTTStrdup
                0x602b9a40       0x34 ../../components/lib/libpahomqtt.a(MQTTProtocolClient.c.obj)
                0x602b9a40                MQTTStrdup
 .text.MQTTProtocol_addressPort
                0x602b9a74       0x64 ../../components/lib/libpahomqtt.a(MQTTProtocolOut.c.obj)
                0x602b9a74                MQTTProtocol_addressPort
 .text.MQTTProtocol_specialChars
                0x602b9ad8       0x68 ../../components/lib/libpahomqtt.a(MQTTProtocolOut.c.obj)
                0x602b9ad8                MQTTProtocol_specialChars
 .text.MQTTProtocol_setHTTPProxy
                0x602b9b40       0x8e ../../components/lib/libpahomqtt.a(MQTTProtocolOut.c.obj)
                0x602b9b40                MQTTProtocol_setHTTPProxy
 .rodata.MQTTProtocol_connect.str1.1
                0x602b9bce       0x98 ../../components/lib/libpahomqtt.a(MQTTProtocolOut.c.obj)
 *fill*         0x602b9c66        0x2 
 .text.MQTTProtocol_connect
                0x602b9c68      0x210 ../../components/lib/libpahomqtt.a(MQTTProtocolOut.c.obj)
                0x602b9c68                MQTTProtocol_connect
 .text.MQTTProtocol_handlePingresps
                0x602b9e78       0x3c ../../components/lib/libpahomqtt.a(MQTTProtocolOut.c.obj)
                0x602b9e78                MQTTProtocol_handlePingresps
 .text.MQTTPacket_header_only
                0x602b9eb4        0xc ../../components/lib/libpahomqtt.a(MQTTPacket.c.obj)
                0x602b9eb4                MQTTPacket_header_only
 .text.bufchar  0x602b9ec0       0x2c ../../components/lib/libpahomqtt.a(MQTTPacket.c.obj)
                0x602b9ec0                bufchar
 .text.MQTTPacket_encode
                0x602b9eec       0x26 ../../components/lib/libpahomqtt.a(MQTTPacket.c.obj)
                0x602b9eec                MQTTPacket_encode
 .text.MQTTPacket_send
                0x602b9f12       0x80 ../../components/lib/libpahomqtt.a(MQTTPacket.c.obj)
                0x602b9f12                MQTTPacket_send
 .text.MQTTPacket_sends
                0x602b9f92       0x7a ../../components/lib/libpahomqtt.a(MQTTPacket.c.obj)
                0x602b9f92                MQTTPacket_sends
 .text.MQTTPacket_decode
                0x602ba00c       0x40 ../../components/lib/libpahomqtt.a(MQTTPacket.c.obj)
                0x602ba00c                MQTTPacket_decode
 .rodata.MQTTPacket_Factory.str1.1
                0x602ba04c       0x19 ../../components/lib/libpahomqtt.a(MQTTPacket.c.obj)
 *fill*         0x602ba065        0x3 
 .text.MQTTPacket_Factory
                0x602ba068       0xe0 ../../components/lib/libpahomqtt.a(MQTTPacket.c.obj)
                0x602ba068                MQTTPacket_Factory
 .text.readInt  0x602ba148       0x10 ../../components/lib/libpahomqtt.a(MQTTPacket.c.obj)
                0x602ba148                readInt
 .text.readUTFlen
                0x602ba158       0x44 ../../components/lib/libpahomqtt.a(MQTTPacket.c.obj)
 .text.MQTTPacket_publish
                0x602ba19c       0xa0 ../../components/lib/libpahomqtt.a(MQTTPacket.c.obj)
                0x602ba19c                MQTTPacket_publish
 .text.MQTTPacket_ack
                0x602ba23c       0x8e ../../components/lib/libpahomqtt.a(MQTTPacket.c.obj)
                0x602ba23c                MQTTPacket_ack
 .text.readChar
                0x602ba2ca        0xc ../../components/lib/libpahomqtt.a(MQTTPacket.c.obj)
                0x602ba2ca                readChar
 .text.writeChar
                0x602ba2d6        0xc ../../components/lib/libpahomqtt.a(MQTTPacket.c.obj)
                0x602ba2d6                writeChar
 .text.writeInt
                0x602ba2e2       0x2a ../../components/lib/libpahomqtt.a(MQTTPacket.c.obj)
                0x602ba2e2                writeInt
 .text.MQTTPacket_send_ack
                0x602ba30c       0x78 ../../components/lib/libpahomqtt.a(MQTTPacket.c.obj)
 .text.writeUTF
                0x602ba384       0x28 ../../components/lib/libpahomqtt.a(MQTTPacket.c.obj)
                0x602ba384                writeUTF
 .text.writeData
                0x602ba3ac       0x20 ../../components/lib/libpahomqtt.a(MQTTPacket.c.obj)
                0x602ba3ac                writeData
 .text.MQTTPacket_send_disconnect
                0x602ba3cc       0xa8 ../../components/lib/libpahomqtt.a(MQTTPacket.c.obj)
                0x602ba3cc                MQTTPacket_send_disconnect
 .text.MQTTPacket_freePublish
                0x602ba474       0x24 ../../components/lib/libpahomqtt.a(MQTTPacket.c.obj)
                0x602ba474                MQTTPacket_freePublish
 .text.MQTTPacket_send_puback
                0x602ba498       0x30 ../../components/lib/libpahomqtt.a(MQTTPacket.c.obj)
                0x602ba498                MQTTPacket_send_puback
 .text.MQTTPacket_send_pubrec
                0x602ba4c8       0x30 ../../components/lib/libpahomqtt.a(MQTTPacket.c.obj)
                0x602ba4c8                MQTTPacket_send_pubrec
 .text.MQTTPacket_send_pubrel
                0x602ba4f8       0x2e ../../components/lib/libpahomqtt.a(MQTTPacket.c.obj)
                0x602ba4f8                MQTTPacket_send_pubrel
 .text.MQTTPacket_send_pubcomp
                0x602ba526       0x30 ../../components/lib/libpahomqtt.a(MQTTPacket.c.obj)
                0x602ba526                MQTTPacket_send_pubcomp
 *fill*         0x602ba556        0x2 
 .text.MQTTPacket_send_publish
                0x602ba558      0x1d0 ../../components/lib/libpahomqtt.a(MQTTPacket.c.obj)
                0x602ba558                MQTTPacket_send_publish
 .text.writeInt4
                0x602ba728       0x72 ../../components/lib/libpahomqtt.a(MQTTPacket.c.obj)
                0x602ba728                writeInt4
 .text.readInt4
                0x602ba79a       0x20 ../../components/lib/libpahomqtt.a(MQTTPacket.c.obj)
                0x602ba79a                readInt4
 .text.writeMQTTLenString
                0x602ba7ba       0x24 ../../components/lib/libpahomqtt.a(MQTTPacket.c.obj)
                0x602ba7ba                writeMQTTLenString
 .text.MQTTLenStringRead
                0x602ba7de       0x30 ../../components/lib/libpahomqtt.a(MQTTPacket.c.obj)
                0x602ba7de                MQTTLenStringRead
 .text.MQTTPacket_VBIlen
                0x602ba80e       0x1e ../../components/lib/libpahomqtt.a(MQTTPacket.c.obj)
                0x602ba80e                MQTTPacket_VBIlen
 .text.MQTTPacket_VBIdecode
                0x602ba82c       0x3c ../../components/lib/libpahomqtt.a(MQTTPacket.c.obj)
                0x602ba82c                MQTTPacket_VBIdecode
 .text.MQTTPacket_decodeBuf
                0x602ba868       0x14 ../../components/lib/libpahomqtt.a(MQTTPacket.c.obj)
                0x602ba868                MQTTPacket_decodeBuf
 .rodata        0x602ba87c       0x10 ../../components/lib/libpahomqtt.a(MQTTPacket.c.obj)
 .rodata.MQTTPacket_send_connect.str1.1
                0x602ba88c        0x7 ../../components/lib/libpahomqtt.a(MQTTPacketOut.c.obj)
                                  0xc (size before relaxing)
 *fill*         0x602ba893        0x1 
 .text.MQTTPacket_send_connect
                0x602ba894      0x1dc ../../components/lib/libpahomqtt.a(MQTTPacketOut.c.obj)
                0x602ba894                MQTTPacket_send_connect
 .text.MQTTPacket_connack
                0x602baa70       0x6e ../../components/lib/libpahomqtt.a(MQTTPacketOut.c.obj)
                0x602baa70                MQTTPacket_connack
 .text.MQTTPacket_freeConnack
                0x602baade       0x1a ../../components/lib/libpahomqtt.a(MQTTPacketOut.c.obj)
                0x602baade                MQTTPacket_freeConnack
 .text.MQTTPacket_send_pingreq
                0x602baaf8       0x38 ../../components/lib/libpahomqtt.a(MQTTPacketOut.c.obj)
                0x602baaf8                MQTTPacket_send_pingreq
 .text.MQTTPacket_suback
                0x602bab30       0xa8 ../../components/lib/libpahomqtt.a(MQTTPacketOut.c.obj)
                0x602bab30                MQTTPacket_suback
 .text.MQTTPacket_unsuback
                0x602babd8       0xa0 ../../components/lib/libpahomqtt.a(MQTTPacketOut.c.obj)
                0x602babd8                MQTTPacket_unsuback
 .text.usleep   0x602bac78       0x18 ../../components/lib/libpahomqtt.a(UniTime.c.obj)
                0x602bac78                usleep
 .text.clock_gettime
                0x602bac90       0x1a ../../components/lib/libpahomqtt.a(UniTime.c.obj)
                0x602bac90                clock_gettime
 .text.Base64_encode
                0x602bacaa       0x18 ../../components/lib/libpahomqtt.a(Base64.c.obj)
                0x602bacaa                Base64_encode
 *fill*         0x602bacc2        0x2 
 .text.Base64_encodeLength
                0x602bacc4       0x18 ../../components/lib/libpahomqtt.a(Base64.c.obj)
                0x602bacc4                Base64_encodeLength
 .text.SHA1_Init
                0x602bacdc        0xa ../../components/lib/libpahomqtt.a(SHA1.c.obj)
                0x602bacdc                SHA1_Init
 .text.SHA1_Update
                0x602bace6        0xa ../../components/lib/libpahomqtt.a(SHA1.c.obj)
                0x602bace6                SHA1_Update
 .text.SHA1_Final
                0x602bacf0       0x10 ../../components/lib/libpahomqtt.a(SHA1.c.obj)
                0x602bacf0                SHA1_Final
 .text.clientSocketCompare
                0x602bad00        0xc ../../components/lib/libpahomqtt.a(Clients.c.obj)
                0x602bad00                clientSocketCompare
 .text.sys_arch_printf
                0x602bad0c       0x20 ../../components/lib/libnet.a(lwipports.c.obj)
                0x602bad0c                sys_arch_printf
 .text.atoi     0x602bad2c        0x8 ../../components/newlib/newlib-3.3.0/armca5/libc.a(lib_a-atoi.o)
                0x602bad2c                atoi
 .rodata._ctype_
                0x602bad34      0x101 ../../components/newlib/newlib-3.3.0/armca5/libc.a(lib_a-ctype_.o)
                0x602bad34                _ctype_
 *fill*         0x602bae35        0x1 
 .text.getenv   0x602bae36       0x14 ../../components/newlib/newlib-3.3.0/armca5/libc.a(lib_a-getenv.o)
                0x602bae36                getenv
 *fill*         0x602bae4a        0x2 
 .text._findenv_r
                0x602bae4c       0x78 ../../components/newlib/newlib-3.3.0/armca5/libc.a(lib_a-getenv_r.o)
                0x602bae4c                _findenv_r
 *fill*         0x602baec4        0xc 
 .text          0x602baed0       0xe8 ../../components/newlib/newlib-3.3.0/armca5/libc.a(lib_a-memchr.o)
                0x602baed0                memchr
 .text.memcmp   0x602bafb8       0x64 ../../components/newlib/newlib-3.3.0/armca5/libc.a(lib_a-memcmp.o)
                0x602bafb8                memcmp
 .text.memcpy   0x602bb01c       0xd8 ../../components/newlib/newlib-3.3.0/armca5/libc.a(lib_a-memcpy-stub.o)
                0x602bb01c                memcpy
 .text.memset   0x602bb0f4       0xac ../../components/newlib/newlib-3.3.0/armca5/libc.a(lib_a-memset.o)
                0x602bb0f4                memset
 .text.srand    0x602bb1a0       0x14 ../../components/newlib/newlib-3.3.0/armca5/libc.a(lib_a-rand.o)
                0x602bb1a0                srand
 .text.rand     0x602bb1b4       0x34 ../../components/newlib/newlib-3.3.0/armca5/libc.a(lib_a-rand.o)
                0x602bb1b4                rand
 .text.snprintf
                0x602bb1e8       0x66 ../../components/newlib/newlib-3.3.0/armca5/libc.a(lib_a-snprintf.o)
                0x602bb1e8                snprintf
 *fill*         0x602bb24e        0x2 